Component: ARM Compiler 5.06 update 7 (build 960) Tool: armlink [4d3601]

==============================================================================

Section Cross References

    main.o(.text) refers to rtx_kernel.o(.text) for osKernelGetState
    main.o(.text) refers to stm32f4xx_hal_rcc.o(.text) for HAL_RCC_OscConfig
    main.o(.text) refers to stm32f4xx_hal.o(.text) for HAL_GetREVID
    main.o(.text) refers to system_stm32f4xx.o(.text) for SystemCoreClockUpdate
    main.o(.text) refers to rtx_thread.o(.text) for osThreadNew
    main.o(.text) refers to system_stm32f4xx.o(.data) for SystemCoreClock
    main.o(.text) refers to main.o(.data) for .data
    main.o(.text) refers to http_server.o(.constdata) for app_main_attr
    main.o(.text) refers to http_server.o(.text) for app_main
    http_server.o(.text) refers to adc_mcbstm32f400.o(.text) for ADC_StartConversion
    http_server.o(.text) refers to buttons_mcbstm32f400.o(.text) for Buttons_GetState
    http_server.o(.text) refers to rtx_thread.o(.text) for osThreadFlagsSet
    http_server.o(.text) refers to glcd_mcbstm32f400.o(.text) for GLCD_Initialize
    http_server.o(.text) refers to net_sys.o(i.netIF_GetOption) for netIF_GetOption
    http_server.o(.text) refers to net_addr.o(i.netIP_ntoa) for netIP_ntoa
    http_server.o(.text) refers to printfa.o(i.__0sprintf) for __2sprintf
    http_server.o(.text) refers to led_mcbstm32f400.o(.text) for LED_SetOut
    http_server.o(.text) refers to rtx_delay.o(.text) for osDelay
    http_server.o(.text) refers to net_sys.o(i.netInitialize) for netInitialize
    http_server.o(.text) refers to http_server.o(.data) for .data
    http_server.o(.text) refers to glcd_fonts.o(.constdata) for GLCD_Font_16x24
    http_server.o(.text) refers to http_server.o(.bss) for .bss
    http_server.o(.constdata) refers to http_server.o(.bss) for app_main_stk
    http_server_cgi.o(.text) refers to net_http_server.o(i.netCGI_GetEnvVar) for netCGI_GetEnvVar
    http_server_cgi.o(.text) refers to net_addr.o(i.netIP_aton) for netIP_aton
    http_server_cgi.o(.text) refers to net_sys.o(i.netIF_SetOption) for netIF_SetOption
    http_server_cgi.o(.text) refers to strcmp.o(.text) for strcmp
    http_server_cgi.o(.text) refers to strncmp.o(.text) for strncmp
    http_server_cgi.o(.text) refers to led_mcbstm32f400.o(.text) for LED_SetOut
    http_server_cgi.o(.text) refers to net_http_server.o(i.netHTTPs_LoginActive) for netHTTPs_LoginActive
    http_server_cgi.o(.text) refers to strcpy.o(.text) for strcpy
    http_server_cgi.o(.text) refers to net_http_server.o(i.netHTTPs_SetPassword) for netHTTPs_SetPassword
    http_server_cgi.o(.text) refers to rtx_thread.o(.text) for osThreadFlagsSet
    http_server_cgi.o(.text) refers to net_sys.o(i.netIF_GetOption) for netIF_GetOption
    http_server_cgi.o(.text) refers to net_addr.o(i.netIP_ntoa) for netIP_ntoa
    http_server_cgi.o(.text) refers to printfa.o(i.__0sprintf) for __2sprintf
    http_server_cgi.o(.text) refers to net_tcp.o(i.netTCP_GetState) for netTCP_GetState
    http_server_cgi.o(.text) refers to net_tcp.o(i.netTCP_GetPeer) for netTCP_GetPeer
    http_server_cgi.o(.text) refers to net_tcp.o(i.netTCP_GetTimer) for netTCP_GetTimer
    http_server_cgi.o(.text) refers to net_tcp.o(i.netTCP_GetLocalPort) for netTCP_GetLocalPort
    http_server_cgi.o(.text) refers to net_http_server.o(i.netHTTPs_GetPassword) for netHTTPs_GetPassword
    http_server_cgi.o(.text) refers to http_server_cgi.o(.bss) for .bss
    http_server_cgi.o(.text) refers to http_server_cgi.o(.data) for .data
    http_server_cgi.o(.text) refers to http_server.o(.data) for LEDrun
    http_server_cgi.o(.text) refers to http_server_cgi.o(.conststring) for .conststring
    http_server_cgi.o(.text) refers to net_http_server.o(i.netHTTPs_GetLanguage) for netHTTPs_GetLanguage
    http_server_cgi.o(.text) refers to http_server.o(.text) for AD_in
    http_server_cgi.o(.text) refers to f2d.o(.text) for __aeabi_f2d
    http_server_cgi.o(.text) refers to dmul.o(.text) for __aeabi_dmul
    web.o(.text) refers to web.o(.constdata) for .constdata
    web.o(.constdata) refers to web.o(.constdata) for imageFileData
    adc_mcbstm32f400.o(.text) refers to stm32f4xx_hal_gpio.o(.text) for HAL_GPIO_Init
    adc_mcbstm32f400.o(.text) refers to stm32f4xx_hal_adc.o(.text) for HAL_ADC_Init
    adc_mcbstm32f400.o(.text) refers to adc_mcbstm32f400.o(.bss) for .bss
    adc_mcbstm32f400.o(.text) refers to adc_mcbstm32f400.o(.data) for .data
    buttons_mcbstm32f400.o(.text) refers to stm32f4xx_hal_gpio.o(.text) for HAL_GPIO_Init
    glcd_fonts.o(.constdata) refers to glcd_fonts.o(.constdata) for Font_6x8_h
    glcd_fonts.o(.constdata) refers to glcd_fonts.o(.constdata) for Font_16x24_h
    glcd_mcbstm32f400.o(.text) refers to stm32f4xx_hal_gpio.o(.text) for HAL_GPIO_Init
    glcd_mcbstm32f400.o(.text) refers to stm32f4xx_hal_sram.o(.text) for HAL_SRAM_Init
    glcd_mcbstm32f400.o(.text) refers to stm32f4xx_hal.o(.text) for HAL_Delay
[...]
    __scatterload_zeroinit                   0x0800aead   Thumb Code    14  handlers.o(i.__scatterload_zeroinit)
    netCGI_Charset                           0x0800feed   Thumb Code     4  net_http_server.o(i.netCGI_Charset)
    netCGI_ContentType                       0x0800fef1   Thumb Code     4  net_http_server.o(i.netCGI_ContentType)
    netCGI_CustomHeader                      0x0800fef5   Thumb Code     4  net_http_server.o(i.netCGI_CustomHeader)
    netCGI_GetEnvVar                         0x0800fef9   Thumb Code   104  net_http_server.o(i.netCGI_GetEnvVar)
    netCGI_Redirect                          0x0800ff65   Thumb Code     4  net_http_server.o(i.netCGI_Redirect)
    netCGX_ContentType                       0x0800ff69   Thumb Code     4  net_http_server.o(i.netCGX_ContentType)
    netCore_Thread                           0x0800ff6d   Thumb Code    90  net_sys.o(i.netCore_Thread)
    netDHCP6_Notify                          0x0800ffd1   Thumb Code     2  net_dhcp6_client.o(i.netDHCP6_Notify)
    netETH_Notify                            0x0800ffd3   Thumb Code     2  net_eth.o(i.netETH_Notify)
    netETH_ReceiveRaw                        0x0800ffd5   Thumb Code     2  net_eth.o(i.netETH_ReceiveRaw)
    netETH_Thread                            0x0800ffd7   Thumb Code   114  net_eth.o(i.netETH_Thread)
    netHTTPs_AcceptClient                    0x08010049   Thumb Code     4  net_http_server.o(i.netHTTPs_AcceptClient)
    netHTTPs_CheckAccount                    0x0801004d   Thumb Code     4  net_http_server_auth.o(i.netHTTPs_CheckAccount)
    netHTTPs_FileAccess                      0x08010051   Thumb Code     4  net_http_server.o(i.netHTTPs_FileAccess)
    netHTTPs_GetLanguage                     0x08010055   Thumb Code    24  net_http_server.o(i.netHTTPs_GetLanguage)
    netHTTPs_GetPassword                     0x08010075   Thumb Code     6  net_http_server.o(i.netHTTPs_GetPassword)
    netHTTPs_LoginActive                     0x08010081   Thumb Code     6  net_http_server.o(i.netHTTPs_LoginActive)
    netHTTPs_SetPassword                     0x0801008d   Thumb Code    78  net_http_server.o(i.netHTTPs_SetPassword)
    netIF_GetOption                          0x080100e5   Thumb Code   128  net_sys.o(i.netIF_GetOption)
    netIF_SetOption                          0x0801016d   Thumb Code   124  net_sys.o(i.netIF_SetOption)
    netIP_aton                               0x080101f1   Thumb Code    26  net_addr.o(i.netIP_aton)
    netIP_ntoa                               0x0801020b   Thumb Code    50  net_addr.o(i.netIP_ntoa)
    netInitialize                            0x0801023d   Thumb Code   156  net_sys.o(i.netInitialize)
    netMAC_aton                              0x080102e9   Thumb Code   140  net_addr.o(i.netMAC_aton)
    netTCP_GetLocalPort                      0x08010375   Thumb Code     4  net_tcp.o(i.netTCP_GetLocalPort)
    netTCP_GetPeer                           0x08010379   Thumb Code    32  net_tcp.o(i.netTCP_GetPeer)
    netTCP_GetState                          0x08010399   Thumb Code     4  net_tcp.o(i.netTCP_GetState)
    netTCP_GetTimer                          0x0801039d   Thumb Code     4  net_tcp.o(i.netTCP_GetTimer)
    net_addr4_aton                           0x080103a1   Thumb Code   124  net_addr.o(i.net_addr4_aton)
    net_addr4_to_mac                         0x0801041d   Thumb Code    30  net_addr.o(i.net_addr4_to_mac)
    net_addr6_aton                           0x0801043d   Thumb Code   230  net_addr.o(i.net_addr6_aton)
    net_addr6_comp                           0x08010523   Thumb Code    40  net_addr.o(i.net_addr6_comp)
    net_addr6_copy                           0x0801054b   Thumb Code    18  net_addr.o(i.net_addr6_copy)
    net_addr6_create                         0x0801055d   Thumb Code    70  net_addr.o(i.net_addr6_create)
    net_addr6_get_solicited                  0x080105a9   Thumb Code    34  net_addr.o(i.net_addr6_get_solicited)
    net_addr6_is_linklocal                   0x080105d1   Thumb Code    24  net_addr.o(i.net_addr6_is_linklocal)
    net_addr6_is_onlink                      0x080105e9   Thumb Code   110  net_addr.o(i.net_addr6_is_onlink)
    net_addr6_is_solicited                   0x08010657   Thumb Code    72  net_addr.o(i.net_addr6_is_solicited)
    net_addr6_is_unspec                      0x0801069f   Thumb Code    24  net_addr.o(i.net_addr6_is_unspec)
    net_addr6_to_mac                         0x080106b7   Thumb Code    14  net_addr.o(i.net_addr6_to_mac)
    net_addr_copy                            0x080106c5   Thumb Code    38  net_addr.o(i.net_addr_copy)
    net_addr_find_route                      0x080106eb   Thumb Code    26  net_addr.o(i.net_addr_find_route)
    net_addr_get_local                       0x08010705   Thumb Code    26  net_addr.o(i.net_addr_get_local)
    net_addr_is_unspec                       0x08010725   Thumb Code    34  net_addr.o(i.net_addr_is_unspec)
    net_arp_cache_add                        0x08010749   Thumb Code   276  net_arp.o(i.net_arp_cache_add)
    net_arp_cache_early                      0x08010865   Thumb Code   180  net_arp.o(i.net_arp_cache_early)
    net_arp_cache_find                       0x08010921   Thumb Code   224  net_arp.o(i.net_arp_cache_find)
    net_arp_cache_init                       0x08010a0d   Thumb Code    64  net_arp.o(i.net_arp_cache_init)
    net_arp_cache_run                        0x08010a55   Thumb Code    22  net_arp.o(i.net_arp_cache_run)
    net_arp_enqueue                          0x08010a71   Thumb Code   114  net_arp.o(i.net_arp_enqueue)
    net_arp_notify                           0x08010ae9   Thumb Code    32  net_arp.o(i.net_arp_notify)
    net_arp_probe                            0x08010b09   Thumb Code    18  net_arp.o(i.net_arp_probe)
    net_arp_process                          0x08010b1d   Thumb Code   536  net_arp.o(i.net_arp_process)
    net_atoi                                 0x08010d41   Thumb Code    66  net_common.o(i.net_atoi)
    net_base64_decode                        0x08010d85   Thumb Code   114  net_base64.o(i.net_base64_decode)
    net_chksum_buf                           0x08010dfd   Thumb Code    48  net_common.o(i.net_chksum_buf)
    net_crc_buf                              0x08010e2d   Thumb Code    30  net_common.o(i.net_crc_buf)
    net_dhcp6_client_init                    0x08010e4d   Thumb Code   114  net_dhcp6_client.o(i.net_dhcp6_client_init)
    net_dhcp6_client_run                     0x08010ed5   Thumb Code    22  net_dhcp6_client.o(i.net_dhcp6_client_run)
    net_dhcp_client_init                     0x08010ef1   Thumb Code   126  net_dhcp_client.o(i.net_dhcp_client_init)
    net_dhcp_client_run                      0x08010f85   Thumb Code    22  net_dhcp_client.o(i.net_dhcp_client_run)
    net_eth_callback                         0x08010fa1   Thumb Code    14  net_eth.o(i.net_eth_callback)
    net_eth_config_mcast                     0x08010faf   Thumb Code   104  net_eth.o(i.net_eth_config_mcast)
    net_eth_get_option                       0x08011017   Thumb Code   234  net_eth.o(i.net_eth_get_option)
    net_eth_iface_init                       0x08011101   Thumb Code    22  net_eth.o(i.net_eth_iface_init)
    net_eth_iface_run                        0x0801111d   Thumb Code    22  net_eth.o(i.net_eth_iface_run)
    net_eth_output                           0x08011139   Thumb Code   164  net_eth.o(i.net_eth_output)
    net_eth_send_frame                       0x080111e1   Thumb Code   462  net_eth.o(i.net_eth_send_frame)
    net_eth_set_option                       0x080113c1   Thumb Code   610  net_eth.o(i.net_eth_set_option)
    net_http_server_init                     0x08011631   Thumb Code   212  net_http_server.o(i.net_http_server_init)
    net_http_server_run                      0x08011719   Thumb Code    30  net_http_server.o(i.net_http_server_run)
    net_icmp6_init                           0x08011741   Thumb Code    20  net_icmp6.o(i.net_icmp6_init)
    net_icmp6_process                        0x08011759   Thumb Code   542  net_icmp6.o(i.net_icmp6_process)
    net_icmp6_send                           0x08011991   Thumb Code   122  net_icmp6.o(i.net_icmp6_send)
    net_icmp6_send_echo                      0x08011a15   Thumb Code    78  net_icmp6.o(i.net_icmp6_send_echo)
    net_icmp_init                            0x08011a6d   Thumb Code    20  net_icmp.o(i.net_icmp_init)
    net_icmp_process                         0x08011a85   Thumb Code   430  net_icmp.o(i.net_icmp_process)
    net_icmp_send_echo                       0x08011c4d   Thumb Code   142  net_icmp.o(i.net_icmp_send_echo)
    net_if_map_all                           0x08011ced   Thumb Code     6  net_sys.o(i.net_if_map_all)
    net_ip4_chk_frame                        0x08011cf9   Thumb Code   372  net_ip4.o(i.net_ip4_chk_frame)
    net_ip4_chksum                           0x08011e85   Thumb Code    44  net_ip4.o(i.net_ip4_chksum)
    net_ip4_chksum_buf                       0x08011eb1   Thumb Code     6  net_ip4.o(i.net_ip4_chksum_buf)
    net_ip4_find_route                       0x08011eb9   Thumb Code   104  net_ip4.o(i.net_ip4_find_route)
    net_ip4_frag_add                         0x08011f39   Thumb Code   284  net_ip4_frag.o(i.net_ip4_frag_add)
    net_ip4_frag_get                         0x0801205d   Thumb Code   168  net_ip4_frag.o(i.net_ip4_frag_get)
    net_ip4_frag_init                        0x08012109   Thumb Code    12  net_ip4_frag.o(i.net_ip4_frag_init)
    net_ip4_frag_run                         0x08012119   Thumb Code    50  net_ip4_frag.o(i.net_ip4_frag_run)
    net_ip4_get_local                        0x08012155   Thumb Code    40  net_ip4.o(i.net_ip4_get_local)
    net_ip4_init                             0x08012181   Thumb Code    22  net_ip4.o(i.net_ip4_init)
    net_ip4_is_onlink                        0x080121a5   Thumb Code    32  net_ip4.o(i.net_ip4_is_onlink)
    net_ip4_is_subcast                       0x080121c5   Thumb Code    38  net_ip4.o(i.net_ip4_is_subcast)
    net_ip4_reass_frame                      0x080121eb   Thumb Code    14  net_ip4.o(i.net_ip4_reass_frame)
    net_ip4_send_frame                       0x080121f9   Thumb Code   340  net_ip4.o(i.net_ip4_send_frame)
    net_ip4_tx_offl_hl                       0x0801235d   Thumb Code    42  net_ip4.o(i.net_ip4_tx_offl_hl)
    net_ip6_chk_frame                        0x08012389   Thumb Code   236  net_ip6.o(i.net_ip6_chk_frame)
    net_ip6_chksum                           0x08012489   Thumb Code    50  net_ip6.o(i.net_ip6_chksum)
    net_ip6_collect_mcast                    0x080124bd   Thumb Code   118  net_ip6.o(i.net_ip6_collect_mcast)
    net_ip6_find_route                       0x08012539   Thumb Code    56  net_ip6.o(i.net_ip6_find_route)
    net_ip6_get_local                        0x08012581   Thumb Code    74  net_ip6.o(i.net_ip6_get_local)
    net_ip6_init                             0x080125d5   Thumb Code    20  net_ip6.o(i.net_ip6_init)
    net_ip6_send_frame                       0x080125f1   Thumb Code   192  net_ip6.o(i.net_ip6_send_frame)
    net_ip6_tx_offl_hl                       0x080126bd   Thumb Code    30  net_ip6.o(i.net_ip6_tx_offl_hl)
    net_itoa                                 0x080126db   Thumb Code     8  net_common.o(i.net_itoa)
    net_itoa_n0                              0x080126e3   Thumb Code     6  net_common.o(i.net_itoa_n0)
    net_loop_iface_init                      0x080126e9   Thumb Code    40  net_loopback.o(i.net_loop_iface_init)
    net_loop_iface_run                       0x08012719   Thumb Code   176  net_loopback.o(i.net_loop_iface_run)
    net_loop_send_frame                      0x080127d5   Thumb Code   104  net_loopback.o(i.net_loop_send_frame)
    net_mem_alloc                            0x08012845   Thumb Code   178  net_mem.o(i.net_mem_alloc)
    net_mem_avail                            0x08012905   Thumb Code    22  net_mem.o(i.net_mem_avail)
    net_mem_free                             0x08012921   Thumb Code   152  net_mem.o(i.net_mem_free)
    net_mem_init                             0x080129c5   Thumb Code    98  net_mem.o(i.net_mem_init)
    net_mem_shrink                           0x08012a35   Thumb Code    62  net_mem.o(i.net_mem_shrink)
    net_nbns_client_init                     0x08012a7d   Thumb Code    82  net_nbns_client.o(i.net_nbns_client_init)
    net_ndp_cache_find                       0x08012ae1   Thumb Code   438  net_ndp.o(i.net_ndp_cache_find)
    net_ndp_cache_init                       0x08012ca5   Thumb Code   114  net_ndp.o(i.net_ndp_cache_init)
    net_ndp_cache_refresh                    0x08012d25   Thumb Code   112  net_ndp.o(i.net_ndp_cache_refresh)
    net_ndp_cache_run                        0x08012d9d   Thumb Code    22  net_ndp.o(i.net_ndp_cache_run)
    net_ndp_enqueue                          0x08012db9   Thumb Code   108  net_ndp.o(i.net_ndp_enqueue)
    net_ndp_process                          0x08012e29   Thumb Code   872  net_ndp.o(i.net_ndp_process)
    net_path                                 0x0801319d   Thumb Code    52  net_sys.o(i.net_path)
    net_ping_client_init                     0x080131d5   Thumb Code    22  net_ping_core.o(i.net_ping_client_init)
    net_ping_client_run                      0x080131f5   Thumb Code   110  net_ping_core.o(i.net_ping_client_run)
    net_rand32                               0x08013275   Thumb Code    18  net_sys.o(i.net_rand32)
    net_strcasecmp                           0x08013291   Thumb Code    46  net_common.o(i.net_strcasecmp)
    net_strchr                               0x080132bf   Thumb Code    22  net_common.o(i.net_strchr)
    net_strcmp                               0x080132d5   Thumb Code    26  net_common.o(i.net_strcmp)
    net_strcpy                               0x080132ef   Thumb Code    18  net_common.o(i.net_strcpy)
    net_strnchr                              0x08013301   Thumb Code    28  net_common.o(i.net_strnchr)
    net_strncpy                              0x0801331d   Thumb Code    26  net_common.o(i.net_strncpy)
    net_strtoupper                           0x08013337   Thumb Code    32  net_common.o(i.net_strtoupper)
    net_sys_lock                             0x08013359   Thumb Code     8  net_sys.o(i.net_sys_lock)
    net_sys_resume                           0x08013365   Thumb Code    22  net_sys.o(i.net_sys_resume)
    net_sys_tick                             0x0801337d   Thumb Code    16  net_sys.o(i.net_sys_tick)
    net_sys_unlock                           0x08013391   Thumb Code     8  net_sys.o(i.net_sys_unlock)
    net_sys_wakeup                           0x0801339d   Thumb Code    26  net_sys.o(i.net_sys_wakeup)
    net_tcp_abort                            0x080133bd   Thumb Code   122  net_tcp.o(i.net_tcp_abort)
    net_tcp_close                            0x08013441   Thumb Code   218  net_tcp.o(i.net_tcp_close)
    net_tcp_get_buf                          0x08013525   Thumb Code    46  net_tcp.o(i.net_tcp_get_buf)
    net_tcp_get_local_port                   0x08013555   Thumb Code    48  net_tcp.o(i.net_tcp_get_local_port)
    net_tcp_get_mss                          0x08013589   Thumb Code    34  net_tcp.o(i.net_tcp_get_mss)
    net_tcp_get_peer                         0x080135b1   Thumb Code    80  net_tcp.o(i.net_tcp_get_peer)
    net_tcp_get_socket                       0x08013605   Thumb Code   104  net_tcp.o(i.net_tcp_get_socket)
    net_tcp_get_state                        0x08013675   Thumb Code    40  net_tcp.o(i.net_tcp_get_state)
    net_tcp_get_timer                        0x080136a1   Thumb Code    48  net_tcp.o(i.net_tcp_get_timer)
    net_tcp_listen                           0x080136d5   Thumb Code   168  net_tcp.o(i.net_tcp_listen)
    net_tcp_process                          0x08013785   Thumb Code  1956  net_tcp.o(i.net_tcp_process)
    net_tcp_send                             0x08013f2d   Thumb Code   336  net_tcp.o(i.net_tcp_send)
    net_tcp_set_option                       0x08014089   Thumb Code   288  net_tcp.o(i.net_tcp_set_option)
    net_tcp_socket_init                      0x080141b5   Thumb Code    30  net_tcp.o(i.net_tcp_socket_init)
    net_tcp_socket_run                       0x080141dd   Thumb Code   938  net_tcp.o(i.net_tcp_socket_run)
    net_udp_enable_lla                       0x0801459d   Thumb Code    34  net_udp.o(i.net_udp_enable_lla)
    net_udp_get_buf                          0x080145c5   Thumb Code    46  net_udp.o(i.net_udp_get_buf)
    net_udp_get_socket                       0x080145f5   Thumb Code   102  net_udp.o(i.net_udp_get_socket)
    net_udp_open                             0x08014665   Thumb Code   160  net_udp.o(i.net_udp_open)
    net_udp_process                          0x08014711   Thumb Code   322  net_udp.o(i.net_udp_process)
    net_udp_send_if                          0x08014869   Thumb Code   540  net_udp.o(i.net_udp_send_if)
    net_udp_socket_init                      0x08014a95   Thumb Code    30  net_udp.o(i.net_udp_socket_init)
    net_ultoa                                0x08014ab9   Thumb Code     8  net_common.o(i.net_ultoa)
    net_ultox                                0x08014ac1   Thumb Code    44  net_common.o(i.net_ultox)
    net_xtoul                                0x08014af1   Thumb Code    76  net_common.o(i.net_xtoul)
    app_main_attr                            0x08015a98   Data          36  http_server.o(.constdata)
    imageLastModified                        0x08015abc   Data           4  web.o(.constdata)
    GLCD_Font_16x24                          0x0801d5c4   Data          16  glcd_fonts.o(.constdata)
    osRtxUserSVC                             0x0801d674   Data           4  rtx_lib.o(.constdata)
    Driver_ETH_PHY0                          0x0801d67c   Data          32  phy_ksz8081rna.o(.constdata)
    Driver_ETH_MAC0                          0x0801d6ec   Data          68  emac_stm32f4xx.o(.constdata)
    EventRecorderInfo                        0x0801d730   Data          24  eventrecorder.o(.constdata)
    AHBPrescTable                            0x0801d750   Data          16  system_stm32f4xx.o(.constdata)
    APBPrescTable                            0x0801d760   Data           8  system_stm32f4xx.o(.constdata)
    net_sys_config                           0x0801d810   Data          28  net_config.o(.constdata)
    net_eth0_if_config                       0x0801d8d4   Data          44  net_config.o(.constdata)
    net_eth_list                             0x0801d900   Data           8  net_config.o(.constdata)
    net_if_list_lan                          0x0801d908   Data           8  net_config.o(.constdata)
    net_if_list_all                          0x0801d910   Data           8  net_config.o(.constdata)
    net_if_inet_def                          0x0801d918   Data           8  net_config.o(.constdata)
    net_if_link_def                          0x0801d920   Data           8  net_config.o(.constdata)
    net_arp_list                             0x0801d928   Data           8  net_config.o(.constdata)
    net_icmp_list                            0x0801d930   Data           8  net_config.o(.constdata)
    net_dhcp_list                            0x0801d938   Data           8  net_config.o(.constdata)
    net_ndp_list                             0x0801d940   Data           8  net_config.o(.constdata)
    net_icmp6_list                           0x0801d948   Data           8  net_config.o(.constdata)
    net_dhcp6_list                           0x0801d950   Data           8  net_config.o(.constdata)
    net_ip4_frag_config                      0x0801d958   Data           8  net_config.o(.constdata)
    net_udp_config                           0x0801d960   Data          12  net_config.o(.constdata)
    net_tcp_config                           0x0801d96c   Data          24  net_config.o(.constdata)
    net_http_config                          0x0801d984   Data          52  net_config.o(.constdata)
    netif_getopt_func                        0x0801da18   Data          16  net_config.o(.constdata)
    netif_setopt_func                        0x0801da28   Data          16  net_config.o(.constdata)
    net_loop_if_config                       0x0801da38   Data          44  net_loopback.o(.constdata)
    net_http_auth_basic_func                 0x0801db84   Data          24  net_http_server_auth.o(.constdata)
    net_ping_payload                         0x0801db9c   Data          18  net_ping_core.o(.constdata)
    net_addr_unspec                          0x0801dbae   Data          16  net_addr.o(.constdata)
    net_addr_bcast                           0x0801dbbe   Data           6  net_addr.o(.constdata)
    net_addr4_loopback                       0x0801dbc4   Data           4  net_ip4.o(.constdata)
    net_addr6_all_nodes                      0x0801dbc8   Data          16  net_ip6.o(.constdata)
    net_addr6_loopback                       0x0801dbd8   Data          16  net_ip6.o(.constdata)
    net_addr6_all_routers                    0x0801dbe8   Data          16  net_ip6.o(.constdata)
    net_http_error                           0x0801dbf8   Data          24  net_http_server_err.o(.constdata)
    net_lib_version                          0x0801dcb0   Data           4  net_version.o(.constdata)
    network_ip4ip6_debug_v7.15.0             0x0801dcb0   Data           4  net_version.o(.constdata)
    osRtxConfig                              0x0801e0c8   Data         112  rtx_lib.o(.rodata)
    os_cb_sections                           0x0801e138   Data          56  rtx_lib.o(.rodata)
    Region$$Table$$Base                      0x0801e170   Number         0  anon$$obj.o(Region$$Table)
    Region$$Table$$Limit                     0x0801e190   Number         0  anon$$obj.o(Region$$Table)
    .bss.os.msgqueue.cb$$Base                0x20008044   Number         0  rtx_lib.o(.bss.os.msgqueue.cb)
    .bss.os.msgqueue.cb$$Limit               0x20008078   Number         0  rtx_lib.o(.bss.os.msgqueue.cb)
    .bss.os.mutex.cb$$Base                   0x200080c8   Number         0  net_config.o(.bss.os.mutex.cb)
    .bss.os.mutex.cb$$Limit                  0x20008100   Number         0  net_config.o(.bss.os.mutex.cb)
    .bss.os.semaphore.cb$$Base               0x20008100   Number         0  net_config.o(.bss.os.semaphore.cb)
    .bss.os.semaphore.cb$$Limit              0x20008110   Number         0  net_config.o(.bss.os.semaphore.cb)
    .bss.os.thread.cb$$Base                  0x20008110   Number         0  rtx_lib.o(.bss.os.thread.cb)
    .bss.os.thread.cb$$Limit                 0x20008220   Number         0  net_config.o(.bss.os.thread.cb)
    .bss.os.timer.cb$$Base                   0x20008620   Number         0  net_config.o(.bss.os.timer.cb)
    .bss.os.timer.cb$$Limit                  0x20008640   Number         0  net_config.o(.bss.os.timer.cb)
    LEDrun                                   0x20008644   Data           1  http_server.o(.data)
    TID_Display                              0x20008648   Data           4  http_server.o(.data)
    TID_Led                                  0x2000864c   Data           4  http_server.o(.data)
    lcd_text                                 0x20008650   Data          42  http_server.o(.data)
    uwTickFreq                               0x20008694   Data           1  stm32f4xx_hal.o(.data)
    uwTickPrio                               0x20008698   Data           4  stm32f4xx_hal.o(.data)
    uwTick                                   0x2000869c   Data           4  stm32f4xx_hal.o(.data)
    SystemCoreClock                          0x200086a0   Data           4  system_stm32f4xx.o(.data)
    net_eth0_icmp_control                    0x200086bc   Data           1  net_icmp.o(.data)
    net_eth0_icmp6_control                   0x200086bd   Data           1  net_icmp6.o(.data)
    osRtxInfo                                0x200086e4   Data         164  rtx_kernel.o(.data.os)
    app_main_stk                             0x200087d8   Data        1024  http_server.o(.bss)
    net_eth0_if_control                      0x2000ee34   Data         160  net_eth.o(.bss)
    net_eth0_arp_control                     0x2000eed4   Data          24  net_arp.o(.bss)
    net_eth0_ndp_control                     0x2000eeec   Data          68  net_ndp.o(.bss)
    net_eth0_dhcp_control                    0x2000ef4c   Data          40  net_dhcp_client.o(.bss)
    net_eth0_dhcp6_control                   0x2000ef74   Data          68  net_dhcp6_client.o(.bss)
    net_http_control                         0x2000f03c   Data          20  net_http_server.o(.bss)
    net_ping_control                         0x2000f050   Data          44  net_ping_core.o(.bss)
    net_sys_control                          0x2000f08c   Data          28  net_sys.o(.bss)
    net_dbg_buf                              0x2000f0b4   Data          36  net_sys.o(.bss)
    __initial_sp                             0x2000f548   Data           0  startup_stm32f407xx.o(STACK)



==============================================================================

Memory Map of the image

  Image Entry point : 0x08000189

  Load Region LR_IROM1 (Base: 0x08000000, Size: 0x00026918, Max: 0x00100000, ABSOLUTE, COMPRESSED[0x0001e2c8])

    Execution Region ER_IROM1 (Exec base: 0x08000000, Load base: 0x08000000, Size: 0x0001e190, Max: 0x00100000, ABSOLUTE)

    Exec Addr    Load Addr    Size         Type   Attr      Idx    E Section Name        Object

    0x08000000   0x08000000   0x00000188   Data   RO         1319    RESET               startup_stm32f407xx.o
    0x08000188   0x08000188   0x00000000   Code   RO         2520  * .ARM.Collect$$$$00000000  mc_w.l(entry.o)
    0x08000188   0x08000188   0x00000004   Code   RO         2806    .ARM.Collect$$$$00000001  mc_w.l(entry2.o)
    0x0800018c   0x0800018c   0x00000004   Code   RO         2809    .ARM.Collect$$$$00000004  mc_w.l(entry5.o)
    0x08000190   0x08000190   0x00000000   Code   RO         2811    .ARM.Collect$$$$00000008  mc_w.l(entry7b.o)
    0x08000190   0x08000190   0x00000000   Code   RO         2813    .ARM.Collect$$$$0000000A  mc_w.l(entry8b.o)
    0x08000190   0x08000190   0x00000008   Code   RO         2814    .ARM.Collect$$$$0000000B  mc_w.l(entry9a.o)
    0x08000198   0x08000198   0x00000004   Code   RO         2821    .ARM.Collect$$$$0000000E  mc_w.l(entry12b.o)
    0x0800019c   0x0800019c   0x00000000   Code   RO         2816    .ARM.Collect$$$$0000000F  mc_w.l(entry10a.o)
    0x0800019c   0x0800019c   0x00000000   Code   RO         2818    .ARM.Collect$$$$00000011  mc_w.l(entry11a.o)
    0x0800019c   0x0800019c   0x00000004   Code   RO         2807    .ARM.Collect$$$$00002712  mc_w.l(entry2.o)
    0x080001a0   0x080001a0   0x00000148   Code   RO          616    .emb_text           rtx_mempool.o
    0x080002e8   0x080002e8   0x00000148   Code   RO          647    .emb_text           rtx_msgqueue.o
    0x08000430   0x08000430   0x00000148   Code   RO          712    .emb_text           rtx_semaphore.o
    0x08000578   0x08000578   0x00000148   Code   RO          743    .emb_text           rtx_system.o
    0x080006c0   0x080006c0   0x00000148   Code   RO          777    .emb_text           rtx_thread.o
    0x08000808   0x08000808   0x00000074   Code   RO          962    .emb_text           eventrecorder.o
    0x0800087c   0x0800087c   0x00000114   Code   RO            4    .text               main.o
    0x08000990   0x08000990   0x00000230   Code   RO          135    .text               http_server.o
    0x08000bc0   0x08000bc0   0x00000734   Code   RO          198    .text               http_server_cgi.o
    0x080012f4   0x080012f4   0x00000078   Code   RO          221    .text               web.o
    0x0800136c   0x0800136c   0x00000114   Code   RO          241    .text               adc_mcbstm32f400.o
    0x08001480   0x08001480   0x000000e4   Code   RO          268    .text               buttons_mcbstm32f400.o
    0x08001564   0x08001564   0x00000a18   Code   RO          304    .text               glcd_mcbstm32f400.o
    0x08001f7c   0x08001f7c   0x00000124   Code   RO          331    .text               led_mcbstm32f400.o
    0x080020a0   0x080020a0   0x00000094   Code   RO          355    .text               irq_armv7m.o
    0x08002134   0x08002134   0x00000104   Code   RO          363    .text               rtx_delay.o
    0x08002238   0x08002238   0x00000958   Code   RO          461    .text               rtx_evr.o
    0x08002b90   0x08002b90   0x000006cc   Code   RO          489    .text               rtx_kernel.o
    0x0800325c   0x0800325c   0x00000018   Code   RO          537    .text               rtx_lib.o
    0x08003274   0x08003274   0x00000124   Code   RO          586    .text               rtx_memory.o
    0x08003398   0x08003398   0x00000678   Code   RO          617    .text               rtx_mempool.o
    0x08003a10   0x08003a10   0x000009bc   Code   RO          648    .text               rtx_msgqueue.o
    0x080043cc   0x080043cc   0x00000558   Code   RO          682    .text               rtx_mutex.o
    0x08004924   0x08004924   0x00000450   Code   RO          713    .text               rtx_semaphore.o
    0x08004d74   0x08004d74   0x00000154   Code   RO          744    .text               rtx_system.o
    0x08004ec8   0x08004ec8   0x000011e4   Code   RO          778    .text               rtx_thread.o
    0x080060ac   0x080060ac   0x00000480   Code   RO          812    .text               rtx_timer.o
    0x0800652c   0x0800652c   0x000000c4   Code   RO          842    .text               os_systick.o
    0x080065f0   0x080065f0   0x00000004   Code   RO          868    .text               rtx_config.o
    0x080065f4   0x080065f4   0x000001c0   Code   RO          889    .text               phy_ksz8081rna.o
    0x080067b4   0x080067b4   0x000009ac   Code   RO          920    .text               emac_stm32f4xx.o
    0x08007160   0x08007160   0x00000538   Code   RO          963    .text               eventrecorder.o
    0x08007698   0x08007698   0x000001b4   Code   RO          997    .text               stm32f4xx_hal.o
    0x0800784c   0x0800784c   0x00000aa0   Code   RO         1027    .text               stm32f4xx_hal_adc.o
    0x080082ec   0x080082ec   0x00000724   Code   RO         1051    .text               stm32f4xx_hal_adc_ex.o
    0x08008a10   0x08008a10   0x00000298   Code   RO         1075    .text               stm32f4xx_hal_cortex.o
    0x08008ca8   0x08008ca8   0x00000718   Code   RO         1103    .text               stm32f4xx_hal_dma.o
    0x080093c0   0x080093c0   0x00000330   Code   RO         1152    .text               stm32f4xx_hal_gpio.o
    0x080096f0   0x080096f0   0x00000764   Code   RO         1224    .text               stm32f4xx_hal_rcc.o
    0x08009e54   0x08009e54   0x000002c0   Code   RO         1272    .text               stm32f4xx_hal_sram.o
    0x0800a114   0x0800a114   0x00000330   Code   RO         1296    .text               stm32f4xx_ll_fsmc.o
    0x0800a444   0x0800a444   0x00000024   Code   RO         1320    .text               startup_stm32f407xx.o
    0x0800a468   0x0800a468   0x000000dc   Code   RO         1327    .text               system_stm32f4xx.o
    0x0800a544   0x0800a544   0x00000164   Code   RO         1356    .text               net_config.o
    0x0800a6a8   0x0800a6a8   0x00000152   Code   RO         1454    .text               net_debug.o
    0x0800a7fa   0x0800a7fa   0x00000062   Code   RO         2523    .text               mc_w.l(uldiv.o)
    0x0800a85c   0x0800a85c   0x00000024   Code   RO         2525    .text               mc_w.l(memcpya.o)
    0x0800a880   0x0800a880   0x00000024   Code   RO         2527    .text               mc_w.l(memseta.o)
    0x0800a8a4   0x0800a8a4   0x0000000e   Code   RO         2529    .text               mc_w.l(strlen.o)
    0x0800a8b2   0x0800a8b2   0x0000001c   Code   RO         2531    .text               mc_w.l(strcmp.o)
    0x0800a8ce   0x0800a8ce   0x0000001a   Code   RO         2533    .text               mc_w.l(memcmp.o)
    0x0800a8e8   0x0800a8e8   0x00000012   Code   RO         2535    .text               mc_w.l(strcpy.o)
    0x0800a8fa   0x0800a8fa   0x0000001e   Code   RO         2537    .text               mc_w.l(strncmp.o)
    0x0800a918   0x0800a918   0x000000e4   Code   RO         2802    .text               mf_w.l(dmul.o)
    0x0800a9fc   0x0800a9fc   0x00000026   Code   RO         2804    .text               mf_w.l(f2d.o)
    0x0800aa22   0x0800aa22   0x0000002c   Code   RO         2825    .text               mc_w.l(uidiv.o)
    0x0800aa4e   0x0800aa4e   0x0000001e   Code   RO         2827    .text               mc_w.l(llshl.o)
    0x0800aa6c   0x0800aa6c   0x00000020   Code   RO         2829    .text               mc_w.l(llushr.o)
    0x0800aa8c   0x0800aa8c   0x00000000   Code   RO         2831    .text               mc_w.l(iusefp.o)
    0x0800aa8c   0x0800aa8c   0x000000ba   Code   RO         2832    .text               mf_w.l(depilogue.o)
    0x0800ab46   0x0800ab46   0x0000014e   Code   RO         2834    .text               mf_w.l(dadd.o)
    0x0800ac94   0x0800ac94   0x000000de   Code   RO         2836    .text               mf_w.l(ddiv.o)
    0x0800ad72   0x0800ad72   0x00000030   Code   RO         2838    .text               mf_w.l(dfixul.o)
    0x0800ada2   0x0800ada2   0x00000002   PAD
    0x0800ada4   0x0800ada4   0x00000030   Code   RO         2840    .text               mf_w.l(cdrcmple.o)
    0x0800add4   0x0800add4   0x00000024   Code   RO         2842    .text               mc_w.l(init.o)
    0x0800adf8   0x0800adf8   0x00000024   Code   RO         2845    .text               mc_w.l(llsshr.o)
    0x0800ae1c   0x0800ae1c   0x00000056   Code   RO         2855    .text               mc_w.l(__dczerorl2.o)
    0x0800ae72   0x0800ae72   0x00000002   PAD
    0x0800ae74   0x0800ae74   0x00000028   Code   RO         2776    i.__0sprintf        mc_w.l(printfa.o)
    0x0800ae9c   0x0800ae9c   0x0000000e   Code   RO         2849    i.__scatterload_copy  mc_w.l(handlers.o)
    0x0800aeaa   0x0800aeaa   0x00000002   Code   RO         2850    i.__scatterload_null  mc_w.l(handlers.o)
    0x0800aeac   0x0800aeac   0x0000000e   Code   RO         2851    i.__scatterload_zeroinit  mc_w.l(handlers.o)
    0x0800aeba   0x0800aeba   0x00000002   PAD
    0x0800aebc   0x0800aebc   0x00000184   Code   RO         2781    i._fp_digits        mc_w.l(printfa.o)
    0x0800b040   0x0800b040   0x000006b4   Code   RO         2782    i._printf_core      mc_w.l(printfa.o)
    0x0800b6f4   0x0800b6f4   0x00000024   Code   RO         2783    i._printf_post_padding  mc_w.l(printfa.o)
    0x0800b718   0x0800b718   0x0000002e   Code   RO         2784    i._printf_pre_padding  mc_w.l(printfa.o)
    0x0800b746   0x0800b746   0x0000000a   Code   RO         2786    i._sputc            mc_w.l(printfa.o)
    0x0800b750   0x0800b750   0x00000054   Code   RO         2036    i.add_server_id     Net_Dbg_CM3_L.lib(net_http_server.o)
    0x0800b7a4   0x0800b7a4   0x0000005c   Code   RO         1540    i.arp_cache_alloc   Net_Dbg_CM3_L.lib(net_arp.o)
    0x0800b800   0x0800b800   0x00000170   Code   RO         1541    i.arp_cache_run     Net_Dbg_CM3_L.lib(net_arp.o)
    0x0800b970   0x0800b970   0x00000038   Code   RO         1542    i.arp_is_cacheable  Net_Dbg_CM3_L.lib(net_arp.o)
    0x0800b9a8   0x0800b9a8   0x00000088   Code   RO         1543    i.arp_probe_run     Net_Dbg_CM3_L.lib(net_arp.o)
    0x0800ba30   0x0800ba30   0x000000d8   Code   RO         1545    i.arp_proc_response  Net_Dbg_CM3_L.lib(net_arp.o)
    0x0800bb08   0x0800bb08   0x0000001a   Code   RO         1546    i.arp_que_free      Net_Dbg_CM3_L.lib(net_arp.o)
    0x0800bb22   0x0800bb22   0x00000002   PAD
    0x0800bb24   0x0800bb24   0x000000a0   Code   RO         1547    i.arp_send_reply    Net_Dbg_CM3_L.lib(net_arp.o)
    0x0800bbc4   0x0800bbc4   0x000000d0   Code   RO         1548    i.arp_send_request  Net_Dbg_CM3_L.lib(net_arp.o)
    0x0800bc94   0x0800bc94   0x00000068   Code   RO         1549    i.arp_sender_valid  Net_Dbg_CM3_L.lib(net_arp.o)
    0x0800bcfc   0x0800bcfc   0x0000006c   Code   RO         1980    i.check_client_id   Net_Dbg_CM3_L.lib(net_dhcp6_client.o)
    0x0800bd68   0x0800bd68   0x0000018c   Code   RO         2037    i.chk_post_req      Net_Dbg_CM3_L.lib(net_http_server.o)
    0x0800bef4   0x0800bef4   0x00000028   Code   RO         2434    i.crc32_8bit        Net_Dbg_CM3_L.lib(net_common.o)
    0x0800bf1c   0x0800bf1c   0x00000394   Code   RO         1981    i.dhcp6_client_run  Net_Dbg_CM3_L.lib(net_dhcp6_client.o)
    0x0800c2b0   0x0800c2b0   0x00000058   Code   RO         1982    i.dhcp6_client_start  Net_Dbg_CM3_L.lib(net_dhcp6_client.o)
    0x0800c308   0x0800c308   0x000004b8   Code   RO         1984    i.dhcp6_listener    Net_Dbg_CM3_L.lib(net_dhcp6_client.o)
    0x0800c7c0   0x0800c7c0   0x000001f8   Code   RO         1985    i.dhcp6_send_message  Net_Dbg_CM3_L.lib(net_dhcp6_client.o)
    0x0800c9b8   0x0800c9b8   0x000003c0   Code   RO         1936    i.dhcp_client_run   Net_Dbg_CM3_L.lib(net_dhcp_client.o)
    0x0800cd78   0x0800cd78   0x00000058   Code   RO         1937    i.dhcp_client_start  Net_Dbg_CM3_L.lib(net_dhcp_client.o)
    0x0800cdd0   0x0800cdd0   0x0000048c   Code   RO         1939    i.dhcp_listener     Net_Dbg_CM3_L.lib(net_dhcp_client.o)
    0x0800d25c   0x0800d25c   0x00000268   Code   RO         1940    i.dhcp_send_message  Net_Dbg_CM3_L.lib(net_dhcp_client.o)
    0x0800d4c4   0x0800d4c4   0x0000009a   Code   RO         1484    i.eth_check_link    Net_Dbg_CM3_L.lib(net_eth.o)
    0x0800d55e   0x0800d55e   0x00000002   PAD
    0x0800d560   0x0800d560   0x00000020   Code   RO         1485    i.eth_if_map        Net_Dbg_CM3_L.lib(net_eth.o)
    0x0800d580   0x0800d580   0x00000304   Code   RO         1486    i.eth_iface_init    Net_Dbg_CM3_L.lib(net_eth.o)
    0x0800d884   0x0800d884   0x00000290   Code   RO         1487    i.eth_iface_run     Net_Dbg_CM3_L.lib(net_eth.o)
    0x0800db14   0x0800db14   0x00000008   Code   RO         1489    i.eth_lock          Net_Dbg_CM3_L.lib(net_eth.o)
    0x0800db1c   0x0800db1c   0x0000001c   Code   RO         1490    i.eth_mtu_limit     Net_Dbg_CM3_L.lib(net_eth.o)
    0x0800db38   0x0800db38   0x00000048   Code   RO         1491    i.eth_opt_len       Net_Dbg_CM3_L.lib(net_eth.o)
    0x0800db80   0x0800db80   0x00000088   Code   RO         1492    i.eth_receive       Net_Dbg_CM3_L.lib(net_eth.o)
    0x0800dc08   0x0800dc08   0x00000008   Code   RO         1493    i.eth_unlock        Net_Dbg_CM3_L.lib(net_eth.o)
    0x0800dc10   0x0800dc10   0x0000007c   Code   RO         1694    i.frag_map_session  Net_Dbg_CM3_L.lib(net_ip4_frag.o)
    0x0800dc8c   0x0800dc8c   0x00000028   Code   RO         2038    i.get_next_field    Net_Dbg_CM3_L.lib(net_http_server.o)
    0x0800dcb4   0x0800dcb4   0x00000032   Code   RO         2039    i.get_next_par      Net_Dbg_CM3_L.lib(net_http_server.o)
    0x0800dce6   0x0800dce6   0x0000005c   Code   RO         1986    i.get_tout          Net_Dbg_CM3_L.lib(net_dhcp6_client.o)
    0x0800dd42   0x0800dd42   0x00000022   Code   RO         2040    i.hex2byte          Net_Dbg_CM3_L.lib(net_http_server.o)
    0x0800dd64   0x0800dd64   0x0000036c   Code   RO         2041    i.http_add_header   Net_Dbg_CM3_L.lib(net_http_server.o)
    0x0800e0d0   0x0800e0d0   0x00000050   Code   RO         2161    i.http_auth_basic_add  Net_Dbg_CM3_L.lib(net_http_server_auth.o)
    0x0800e120   0x0800e120   0x00000090   Code   RO         2162    i.http_auth_basic_parse  Net_Dbg_CM3_L.lib(net_http_server_auth.o)
    0x0800e1b0   0x0800e1b0   0x00000002   Code   RO         2168    i.http_auth_dummy   Net_Dbg_CM3_L.lib(net_http_server_auth.o)
    0x0800e1b2   0x0800e1b2   0x00000002   PAD
    0x0800e1b4   0x0800e1b4   0x00000024   Code   RO         2169    i.http_auth_init    Net_Dbg_CM3_L.lib(net_http_server_auth.o)
    0x0800e1d8   0x0800e1d8   0x000001cc   Code   RO         2042    i.http_error_msg    Net_Dbg_CM3_L.lib(net_http_server.o)
    0x0800e3a4   0x0800e3a4   0x00000078   Code   RO         2043    i.http_get_ftype    Net_Dbg_CM3_L.lib(net_http_server.o)
    0x0800e41c   0x0800e41c   0x0000005e   Code   RO         2044    i.http_kill_session  Net_Dbg_CM3_L.lib(net_http_server.o)
    0x0800e47a   0x0800e47a   0x00000002   PAD
    0x0800e47c   0x0800e47c   0x000002a8   Code   RO         2045    i.http_listener     Net_Dbg_CM3_L.lib(net_http_server.o)
    0x0800e724   0x0800e724   0x00000184   Code   RO         2046    i.http_open_file    Net_Dbg_CM3_L.lib(net_http_server.o)
    0x0800e8a8   0x0800e8a8   0x0000011c   Code   RO         2047    i.http_parse_header  Net_Dbg_CM3_L.lib(net_http_server.o)
    0x0800e9c4   0x0800e9c4   0x000001a8   Code   RO         2048    i.http_proc_multipart  Net_Dbg_CM3_L.lib(net_http_server.o)
    0x0800eb6c   0x0800eb6c   0x00000138   Code   RO         2049    i.http_proc_post    Net_Dbg_CM3_L.lib(net_http_server.o)
    0x0800eca4   0x0800eca4   0x00000468   Code   RO         2050    i.http_server_run   Net_Dbg_CM3_L.lib(net_http_server.o)
    0x0800f10c   0x0800f10c   0x00000060   Code   RO         2051    i.http_server_start  Net_Dbg_CM3_L.lib(net_http_server.o)
    0x0800f16c   0x0800f16c   0x00000020   Code   RO         2053    i.http_strcpy       Net_Dbg_CM3_L.lib(net_http_server.o)
    0x0800f18c   0x0800f18c   0x000000ac   Code   RO         2054    i.http_to_utc       Net_Dbg_CM3_L.lib(net_http_server.o)
    0x0800f238   0x0800f238   0x0000001a   Code   RO         2435    i.i2str             Net_Dbg_CM3_L.lib(net_common.o)
    0x0800f252   0x0800f252   0x0000000c   Code   RO         2332    i.ip4_get_chksum    Net_Dbg_CM3_L.lib(net_ip4.o)
    0x0800f25e   0x0800f25e   0x00000028   Code   RO         2333    i.ip4_get_mtu       Net_Dbg_CM3_L.lib(net_ip4.o)
    0x0800f286   0x0800f286   0x00000040   Code   RO         2265    i.ip4_ntoa          Net_Dbg_CM3_L.lib(net_addr.o)
    0x0800f2c6   0x0800f2c6   0x00000002   PAD
    0x0800f2c8   0x0800f2c8   0x000000ca   Code   RO         2266    i.ip6_ntoa          Net_Dbg_CM3_L.lib(net_addr.o)
    0x0800f392   0x0800f392   0x0000001e   Code   RO         1941    i.is_selected       Net_Dbg_CM3_L.lib(net_dhcp_client.o)
    0x0800f3b0   0x0800f3b0   0x0000000c   Code   RO         2411    i.mem_lock          Net_Dbg_CM3_L.lib(net_mem.o)
    0x0800f3bc   0x0800f3bc   0x0000000c   Code   RO         2412    i.mem_unlock        Net_Dbg_CM3_L.lib(net_mem.o)
    0x0800f3c8   0x0800f3c8   0x000001a4   Code   RO         2022    i.nbns_listener     Net_Dbg_CM3_L.lib(net_nbns_client.o)
    0x0800f56c   0x0800f56c   0x00000120   Code   RO         1607    i.ndp_cache_add     Net_Dbg_CM3_L.lib(net_ndp.o)
    0x0800f68c   0x0800f68c   0x00000072   Code   RO         1608    i.ndp_cache_alloc   Net_Dbg_CM3_L.lib(net_ndp.o)
    0x0800f6fe   0x0800f6fe   0x00000002   PAD
    0x0800f700   0x0800f700   0x00000078   Code   RO         1609    i.ndp_cache_delete  Net_Dbg_CM3_L.lib(net_ndp.o)
    0x0800f778   0x0800f778   0x0000016c   Code   RO         1610    i.ndp_cache_run     Net_Dbg_CM3_L.lib(net_ndp.o)
    0x0800f8e4   0x0800f8e4   0x0000002c   Code   RO         1611    i.ndp_check_frame   Net_Dbg_CM3_L.lib(net_ndp.o)
    0x0800f910   0x0800f910   0x00000012   Code   RO         1612    i.ndp_next_opt      Net_Dbg_CM3_L.lib(net_ndp.o)
    0x0800f922   0x0800f922   0x00000002   PAD
    0x0800f924   0x0800f924   0x000000e4   Code   RO         1613    i.ndp_prefix_add    Net_Dbg_CM3_L.lib(net_ndp.o)
    0x0800fa08   0x0800fa08   0x0000009c   Code   RO         1614    i.ndp_probe_run     Net_Dbg_CM3_L.lib(net_ndp.o)
    0x0800faa4   0x0800faa4   0x000000fc   Code   RO         1616    i.ndp_proc_response  Net_Dbg_CM3_L.lib(net_ndp.o)
    0x0800fba0   0x0800fba0   0x0000001a   Code   RO         1617    i.ndp_que_free      Net_Dbg_CM3_L.lib(net_ndp.o)
    0x0800fbba   0x0800fbba   0x00000002   PAD
    0x0800fbbc   0x0800fbbc   0x00000038   Code   RO         1618    i.ndp_router_remove  Net_Dbg_CM3_L.lib(net_ndp.o)
    0x0800fbf4   0x0800fbf4   0x0000009c   Code   RO         1619    i.ndp_send_reply    Net_Dbg_CM3_L.lib(net_ndp.o)
    0x0800fc90   0x0800fc90   0x000000bc   Code   RO         1620    i.ndp_send_request  Net_Dbg_CM3_L.lib(net_ndp.o)
    0x0800fd4c   0x0800fd4c   0x000001a0   Code   RO         1621    i.ndp_slaac_run     Net_Dbg_CM3_L.lib(net_ndp.o)
    0x0800feec   0x0800feec   0x00000004   Code   RO         2055    i.netCGI_Charset    Net_Dbg_CM3_L.lib(net_http_server.o)
    0x0800fef0   0x0800fef0   0x00000004   Code   RO         2056    i.netCGI_ContentType  Net_Dbg_CM3_L.lib(net_http_server.o)
    0x0800fef4   0x0800fef4   0x00000004   Code   RO         2057    i.netCGI_CustomHeader  Net_Dbg_CM3_L.lib(net_http_server.o)
    0x0800fef8   0x0800fef8   0x0000006c   Code   RO         2058    i.netCGI_GetEnvVar  Net_Dbg_CM3_L.lib(net_http_server.o)
    0x0800ff64   0x0800ff64   0x00000004   Code   RO         2061    i.netCGI_Redirect   Net_Dbg_CM3_L.lib(net_http_server.o)
    0x0800ff68   0x0800ff68   0x00000004   Code   RO         2063    i.netCGX_ContentType  Net_Dbg_CM3_L.lib(net_http_server.o)
    0x0800ff6c   0x0800ff6c   0x00000064   Code   RO         2215    i.netCore_Thread    Net_Dbg_CM3_L.lib(net_sys.o)
    0x0800ffd0   0x0800ffd0   0x00000002   Code   RO         1989    i.netDHCP6_Notify   Net_Dbg_CM3_L.lib(net_dhcp6_client.o)
    0x0800ffd2   0x0800ffd2   0x00000002   Code   RO         1494    i.netETH_Notify     Net_Dbg_CM3_L.lib(net_eth.o)
    0x0800ffd4   0x0800ffd4   0x00000002   Code   RO         1495    i.netETH_ReceiveRaw  Net_Dbg_CM3_L.lib(net_eth.o)
    0x0800ffd6   0x0800ffd6   0x00000072   Code   RO         1497    i.netETH_Thread     Net_Dbg_CM3_L.lib(net_eth.o)
    0x08010048   0x08010048   0x00000004   Code   RO         2064    i.netHTTPs_AcceptClient  Net_Dbg_CM3_L.lib(net_http_server.o)
    0x0801004c   0x0801004c   0x00000004   Code   RO         2170    i.netHTTPs_CheckAccount  Net_Dbg_CM3_L.lib(net_http_server_auth.o)
    0x08010050   0x08010050   0x00000004   Code   RO         2066    i.netHTTPs_FileAccess  Net_Dbg_CM3_L.lib(net_http_server.o)
    0x08010054   0x08010054   0x00000020   Code   RO         2069    i.netHTTPs_GetLanguage  Net_Dbg_CM3_L.lib(net_http_server.o)
    0x08010074   0x08010074   0x0000000c   Code   RO         2070    i.netHTTPs_GetPassword  Net_Dbg_CM3_L.lib(net_http_server.o)
    0x08010080   0x08010080   0x0000000c   Code   RO         2076    i.netHTTPs_LoginActive  Net_Dbg_CM3_L.lib(net_http_server.o)
    0x0801008c   0x0801008c   0x00000058   Code   RO         2079    i.netHTTPs_SetPassword  Net_Dbg_CM3_L.lib(net_http_server.o)
    0x080100e4   0x080100e4   0x00000088   Code   RO         2216    i.netIF_GetOption   Net_Dbg_CM3_L.lib(net_sys.o)
    0x0801016c   0x0801016c   0x00000084   Code   RO         2218    i.netIF_SetOption   Net_Dbg_CM3_L.lib(net_sys.o)
    0x080101f0   0x080101f0   0x0000001a   Code   RO         2268    i.netIP_aton        Net_Dbg_CM3_L.lib(net_addr.o)
    0x0801020a   0x0801020a   0x00000032   Code   RO         2269    i.netIP_ntoa        Net_Dbg_CM3_L.lib(net_addr.o)
    0x0801023c   0x0801023c   0x000000ac   Code   RO         2219    i.netInitialize     Net_Dbg_CM3_L.lib(net_sys.o)
    0x080102e8   0x080102e8   0x0000008c   Code   RO         2270    i.netMAC_aton       Net_Dbg_CM3_L.lib(net_addr.o)
    0x08010374   0x08010374   0x00000004   Code   RO         1817    i.netTCP_GetLocalPort  Net_Dbg_CM3_L.lib(net_tcp.o)
    0x08010378   0x08010378   0x00000020   Code   RO         1819    i.netTCP_GetPeer    Net_Dbg_CM3_L.lib(net_tcp.o)
    0x08010398   0x08010398   0x00000004   Code   RO         1821    i.netTCP_GetState   Net_Dbg_CM3_L.lib(net_tcp.o)
    0x0801039c   0x0801039c   0x00000004   Code   RO         1822    i.netTCP_GetTimer   Net_Dbg_CM3_L.lib(net_tcp.o)
    0x080103a0   0x080103a0   0x0000007c   Code   RO         2272    i.net_addr4_aton    Net_Dbg_CM3_L.lib(net_addr.o)
    0x0801041c   0x0801041c   0x0000001e   Code   RO         2274    i.net_addr4_to_mac  Net_Dbg_CM3_L.lib(net_addr.o)
    0x0801043a   0x0801043a   0x00000002   PAD
    0x0801043c   0x0801043c   0x000000e6   Code   RO         2275    i.net_addr6_aton    Net_Dbg_CM3_L.lib(net_addr.o)
    0x08010522   0x08010522   0x00000028   Code   RO         2276    i.net_addr6_comp    Net_Dbg_CM3_L.lib(net_addr.o)
    0x0801054a   0x0801054a   0x00000012   Code   RO         2277    i.net_addr6_copy    Net_Dbg_CM3_L.lib(net_addr.o)
    0x0801055c   0x0801055c   0x0000004c   Code   RO         2278    i.net_addr6_create  Net_Dbg_CM3_L.lib(net_addr.o)
    0x080105a8   0x080105a8   0x00000028   Code   RO         2279    i.net_addr6_get_solicited  Net_Dbg_CM3_L.lib(net_addr.o)
    0x080105d0   0x080105d0   0x00000018   Code   RO         2280    i.net_addr6_is_linklocal  Net_Dbg_CM3_L.lib(net_addr.o)
    0x080105e8   0x080105e8   0x0000006e   Code   RO         2281    i.net_addr6_is_onlink  Net_Dbg_CM3_L.lib(net_addr.o)
    0x08010656   0x08010656   0x00000048   Code   RO         2282    i.net_addr6_is_solicited  Net_Dbg_CM3_L.lib(net_addr.o)
    0x0801069e   0x0801069e   0x00000018   Code   RO         2283    i.net_addr6_is_unspec  Net_Dbg_CM3_L.lib(net_addr.o)
    0x080106b6   0x080106b6   0x0000000e   Code   RO         2285    i.net_addr6_to_mac  Net_Dbg_CM3_L.lib(net_addr.o)
    0x080106c4   0x080106c4   0x00000026   Code   RO         2287    i.net_addr_copy     Net_Dbg_CM3_L.lib(net_addr.o)
    0x080106ea   0x080106ea   0x0000001a   Code   RO         2288    i.net_addr_find_route  Net_Dbg_CM3_L.lib(net_addr.o)
    0x08010704   0x08010704   0x00000020   Code   RO         2290    i.net_addr_get_local  Net_Dbg_CM3_L.lib(net_addr.o)
    0x08010724   0x08010724   0x00000022   Code   RO         2291    i.net_addr_is_unspec  Net_Dbg_CM3_L.lib(net_addr.o)
    0x08010746   0x08010746   0x00000002   PAD
    0x08010748   0x08010748   0x0000011c   Code   RO         1557    i.net_arp_cache_add  Net_Dbg_CM3_L.lib(net_arp.o)
    0x08010864   0x08010864   0x000000bc   Code   RO         1558    i.net_arp_cache_early  Net_Dbg_CM3_L.lib(net_arp.o)
    0x08010920   0x08010920   0x000000ec   Code   RO         1559    i.net_arp_cache_find  Net_Dbg_CM3_L.lib(net_arp.o)
    0x08010a0c   0x08010a0c   0x00000048   Code   RO         1560    i.net_arp_cache_init  Net_Dbg_CM3_L.lib(net_arp.o)
    0x08010a54   0x08010a54   0x0000001c   Code   RO         1561    i.net_arp_cache_run  Net_Dbg_CM3_L.lib(net_arp.o)
    0x08010a70   0x08010a70   0x00000078   Code   RO         1563    i.net_arp_enqueue   Net_Dbg_CM3_L.lib(net_arp.o)
    0x08010ae8   0x08010ae8   0x00000020   Code   RO         1565    i.net_arp_notify    Net_Dbg_CM3_L.lib(net_arp.o)
    0x08010b08   0x08010b08   0x00000012   Code   RO         1566    i.net_arp_probe     Net_Dbg_CM3_L.lib(net_arp.o)
    0x08010b1a   0x08010b1a   0x00000002   PAD
    0x08010b1c   0x08010b1c   0x00000224   Code   RO         1567    i.net_arp_process   Net_Dbg_CM3_L.lib(net_arp.o)
    0x08010d40   0x08010d40   0x00000042   Code   RO         2436    i.net_atoi          Net_Dbg_CM3_L.lib(net_common.o)
    0x08010d82   0x08010d82   0x00000002   PAD
    0x08010d84   0x08010d84   0x00000078   Code   RO         2502    i.net_base64_decode  Net_Dbg_CM3_L.lib(net_base64.o)
    0x08010dfc   0x08010dfc   0x00000030   Code   RO         2438    i.net_chksum_buf    Net_Dbg_CM3_L.lib(net_common.o)
    0x08010e2c   0x08010e2c   0x0000001e   Code   RO         2439    i.net_crc_buf       Net_Dbg_CM3_L.lib(net_common.o)
    0x08010e4a   0x08010e4a   0x00000002   PAD
    0x08010e4c   0x08010e4c   0x00000088   Code   RO         1990    i.net_dhcp6_client_init  Net_Dbg_CM3_L.lib(net_dhcp6_client.o)
    0x08010ed4   0x08010ed4   0x0000001c   Code   RO         1991    i.net_dhcp6_client_run  Net_Dbg_CM3_L.lib(net_dhcp6_client.o)
    0x08010ef0   0x08010ef0   0x00000094   Code   RO         1946    i.net_dhcp_client_init  Net_Dbg_CM3_L.lib(net_dhcp_client.o)
    0x08010f84   0x08010f84   0x0000001c   Code   RO         1947    i.net_dhcp_client_run  Net_Dbg_CM3_L.lib(net_dhcp_client.o)
    0x08010fa0   0x08010fa0   0x0000000e   Code   RO         1498    i.net_eth_callback  Net_Dbg_CM3_L.lib(net_eth.o)
    0x08010fae   0x08010fae   0x00000068   Code   RO         1499    i.net_eth_config_mcast  Net_Dbg_CM3_L.lib(net_eth.o)
    0x08011016   0x08011016   0x000000ea   Code   RO         1501    i.net_eth_get_option  Net_Dbg_CM3_L.lib(net_eth.o)
    0x08011100   0x08011100   0x0000001c   Code   RO         1502    i.net_eth_iface_init  Net_Dbg_CM3_L.lib(net_eth.o)
    0x0801111c   0x0801111c   0x0000001c   Code   RO         1503    i.net_eth_iface_run  Net_Dbg_CM3_L.lib(net_eth.o)
    0x08011138   0x08011138   0x000000a8   Code   RO         1505    i.net_eth_output    Net_Dbg_CM3_L.lib(net_eth.o)
    0x080111e0   0x080111e0   0x000001e0   Code   RO         1506    i.net_eth_send_frame  Net_Dbg_CM3_L.lib(net_eth.o)
    0x080113c0   0x080113c0   0x00000270   Code   RO         1507    i.net_eth_set_option  Net_Dbg_CM3_L.lib(net_eth.o)
    0x08011630   0x08011630   0x000000e8   Code   RO         2085    i.net_http_server_init  Net_Dbg_CM3_L.lib(net_http_server.o)
    0x08011718   0x08011718   0x00000028   Code   RO         2086    i.net_http_server_run  Net_Dbg_CM3_L.lib(net_http_server.o)
    0x08011740   0x08011740   0x00000018   Code   RO         1736    i.net_icmp6_init    Net_Dbg_CM3_L.lib(net_icmp6.o)
    0x08011758   0x08011758   0x00000238   Code   RO         1737    i.net_icmp6_process  Net_Dbg_CM3_L.lib(net_icmp6.o)
    0x08011990   0x08011990   0x00000084   Code   RO         1738    i.net_icmp6_send    Net_Dbg_CM3_L.lib(net_icmp6.o)
    0x08011a14   0x08011a14   0x00000058   Code   RO         1739    i.net_icmp6_send_echo  Net_Dbg_CM3_L.lib(net_icmp6.o)
    0x08011a6c   0x08011a6c   0x00000018   Code   RO         1716    i.net_icmp_init     Net_Dbg_CM3_L.lib(net_icmp.o)
    0x08011a84   0x08011a84   0x000001c8   Code   RO         1717    i.net_icmp_process  Net_Dbg_CM3_L.lib(net_icmp.o)
    0x08011c4c   0x08011c4c   0x000000a0   Code   RO         1718    i.net_icmp_send_echo  Net_Dbg_CM3_L.lib(net_icmp.o)
    0x08011cec   0x08011cec   0x0000000c   Code   RO         2223    i.net_if_map_all    Net_Dbg_CM3_L.lib(net_sys.o)
    0x08011cf8   0x08011cf8   0x0000018c   Code   RO         2334    i.net_ip4_chk_frame  Net_Dbg_CM3_L.lib(net_ip4.o)
    0x08011e84   0x08011e84   0x0000002c   Code   RO         2335    i.net_ip4_chksum    Net_Dbg_CM3_L.lib(net_ip4.o)
    0x08011eb0   0x08011eb0   0x00000006   Code   RO         2336    i.net_ip4_chksum_buf  Net_Dbg_CM3_L.lib(net_ip4.o)
    0x08011eb6   0x08011eb6   0x00000002   PAD
    0x08011eb8   0x08011eb8   0x00000080   Code   RO         2338    i.net_ip4_find_route  Net_Dbg_CM3_L.lib(net_ip4.o)
    0x08011f38   0x08011f38   0x00000124   Code   RO         1695    i.net_ip4_frag_add  Net_Dbg_CM3_L.lib(net_ip4_frag.o)
    0x0801205c   0x0801205c   0x000000ac   Code   RO         1696    i.net_ip4_frag_get  Net_Dbg_CM3_L.lib(net_ip4_frag.o)
    0x08012108   0x08012108   0x00000010   Code   RO         1697    i.net_ip4_frag_init  Net_Dbg_CM3_L.lib(net_ip4_frag.o)
    0x08012118   0x08012118   0x0000003c   Code   RO         1698    i.net_ip4_frag_run  Net_Dbg_CM3_L.lib(net_ip4_frag.o)
    0x08012154   0x08012154   0x0000002c   Code   RO         2339    i.net_ip4_get_local  Net_Dbg_CM3_L.lib(net_ip4.o)
    0x08012180   0x08012180   0x00000024   Code   RO         2340    i.net_ip4_init      Net_Dbg_CM3_L.lib(net_ip4.o)
    0x080121a4   0x080121a4   0x00000020   Code   RO         2341    i.net_ip4_is_onlink  Net_Dbg_CM3_L.lib(net_ip4.o)
    0x080121c4   0x080121c4   0x00000026   Code   RO         2342    i.net_ip4_is_subcast  Net_Dbg_CM3_L.lib(net_ip4.o)
    0x080121ea   0x080121ea   0x0000000e   Code   RO         2343    i.net_ip4_reass_frame  Net_Dbg_CM3_L.lib(net_ip4.o)
    0x080121f8   0x080121f8   0x00000164   Code   RO         2344    i.net_ip4_send_frame  Net_Dbg_CM3_L.lib(net_ip4.o)
    0x0801235c   0x0801235c   0x0000002a   Code   RO         2346    i.net_ip4_tx_offl_hl  Net_Dbg_CM3_L.lib(net_ip4.o)
    0x08012386   0x08012386   0x00000002   PAD
    0x08012388   0x08012388   0x00000100   Code   RO         2372    i.net_ip6_chk_frame  Net_Dbg_CM3_L.lib(net_ip6.o)
    0x08012488   0x08012488   0x00000032   Code   RO         2373    i.net_ip6_chksum    Net_Dbg_CM3_L.lib(net_ip6.o)
    0x080124ba   0x080124ba   0x00000002   PAD
    0x080124bc   0x080124bc   0x0000007c   Code   RO         2374    i.net_ip6_collect_mcast  Net_Dbg_CM3_L.lib(net_ip6.o)
    0x08012538   0x08012538   0x00000048   Code   RO         2376    i.net_ip6_find_route  Net_Dbg_CM3_L.lib(net_ip6.o)
    0x08012580   0x08012580   0x00000054   Code   RO         2377    i.net_ip6_get_local  Net_Dbg_CM3_L.lib(net_ip6.o)
    0x080125d4   0x080125d4   0x0000001c   Code   RO         2378    i.net_ip6_init      Net_Dbg_CM3_L.lib(net_ip6.o)
    0x080125f0   0x080125f0   0x000000cc   Code   RO         2379    i.net_ip6_send_frame  Net_Dbg_CM3_L.lib(net_ip6.o)
    0x080126bc   0x080126bc   0x0000001e   Code   RO         2381    i.net_ip6_tx_offl_hl  Net_Dbg_CM3_L.lib(net_ip6.o)
    0x080126da   0x080126da   0x00000008   Code   RO         2440    i.net_itoa          Net_Dbg_CM3_L.lib(net_common.o)
    0x080126e2   0x080126e2   0x00000006   Code   RO         2442    i.net_itoa_n0       Net_Dbg_CM3_L.lib(net_common.o)
    0x080126e8   0x080126e8   0x00000030   Code   RO         1677    i.net_loop_iface_init  Net_Dbg_CM3_L.lib(net_loopback.o)
    0x08012718   0x08012718   0x000000bc   Code   RO         1678    i.net_loop_iface_run  Net_Dbg_CM3_L.lib(net_loopback.o)
    0x080127d4   0x080127d4   0x00000070   Code   RO         1680    i.net_loop_send_frame  Net_Dbg_CM3_L.lib(net_loopback.o)
    0x08012844   0x08012844   0x000000c0   Code   RO         2413    i.net_mem_alloc     Net_Dbg_CM3_L.lib(net_mem.o)
    0x08012904   0x08012904   0x0000001c   Code   RO         2414    i.net_mem_avail     Net_Dbg_CM3_L.lib(net_mem.o)
    0x08012920   0x08012920   0x000000a4   Code   RO         2415    i.net_mem_free      Net_Dbg_CM3_L.lib(net_mem.o)
    0x080129c4   0x080129c4   0x00000070   Code   RO         2416    i.net_mem_init      Net_Dbg_CM3_L.lib(net_mem.o)
    0x08012a34   0x08012a34   0x00000048   Code   RO         2417    i.net_mem_shrink    Net_Dbg_CM3_L.lib(net_mem.o)
    0x08012a7c   0x08012a7c   0x00000064   Code   RO         2023    i.net_nbns_client_init  Net_Dbg_CM3_L.lib(net_nbns_client.o)
    0x08012ae0   0x08012ae0   0x000001c4   Code   RO         1628    i.net_ndp_cache_find  Net_Dbg_CM3_L.lib(net_ndp.o)
    0x08012ca4   0x08012ca4   0x00000080   Code   RO         1629    i.net_ndp_cache_init  Net_Dbg_CM3_L.lib(net_ndp.o)
    0x08012d24   0x08012d24   0x00000078   Code   RO         1631    i.net_ndp_cache_refresh  Net_Dbg_CM3_L.lib(net_ndp.o)
    0x08012d9c   0x08012d9c   0x0000001c   Code   RO         1632    i.net_ndp_cache_run  Net_Dbg_CM3_L.lib(net_ndp.o)
    0x08012db8   0x08012db8   0x00000070   Code   RO         1634    i.net_ndp_enqueue   Net_Dbg_CM3_L.lib(net_ndp.o)
    0x08012e28   0x08012e28   0x00000374   Code   RO         1636    i.net_ndp_process   Net_Dbg_CM3_L.lib(net_ndp.o)
    0x0801319c   0x0801319c   0x00000038   Code   RO         2225    i.net_path          Net_Dbg_CM3_L.lib(net_sys.o)
    0x080131d4   0x080131d4   0x00000020   Code   RO         2196    i.net_ping_client_init  Net_Dbg_CM3_L.lib(net_ping_core.o)
    0x080131f4   0x080131f4   0x00000080   Code   RO         2197    i.net_ping_client_run  Net_Dbg_CM3_L.lib(net_ping_core.o)
    0x08013274   0x08013274   0x0000001c   Code   RO         2226    i.net_rand32        Net_Dbg_CM3_L.lib(net_sys.o)
    0x08013290   0x08013290   0x0000002e   Code   RO         2443    i.net_strcasecmp    Net_Dbg_CM3_L.lib(net_common.o)
    0x080132be   0x080132be   0x00000016   Code   RO         2444    i.net_strchr        Net_Dbg_CM3_L.lib(net_common.o)
    0x080132d4   0x080132d4   0x0000001a   Code   RO         2445    i.net_strcmp        Net_Dbg_CM3_L.lib(net_common.o)
    0x080132ee   0x080132ee   0x00000012   Code   RO         2446    i.net_strcpy        Net_Dbg_CM3_L.lib(net_common.o)
    0x08013300   0x08013300   0x0000001c   Code   RO         2448    i.net_strnchr       Net_Dbg_CM3_L.lib(net_common.o)
    0x0801331c   0x0801331c   0x0000001a   Code   RO         2449    i.net_strncpy       Net_Dbg_CM3_L.lib(net_common.o)
    0x08013336   0x08013336   0x00000020   Code   RO         2450    i.net_strtoupper    Net_Dbg_CM3_L.lib(net_common.o)
    0x08013356   0x08013356   0x00000002   PAD
    0x08013358   0x08013358   0x0000000c   Code   RO         2227    i.net_sys_lock      Net_Dbg_CM3_L.lib(net_sys.o)
    0x08013364   0x08013364   0x00000016   Code   RO         2228    i.net_sys_resume    Net_Dbg_CM3_L.lib(net_sys.o)
    0x0801337a   0x0801337a   0x00000002   PAD
    0x0801337c   0x0801337c   0x00000014   Code   RO         2230    i.net_sys_tick      Net_Dbg_CM3_L.lib(net_sys.o)
    0x08013390   0x08013390   0x0000000c   Code   RO         2231    i.net_sys_unlock    Net_Dbg_CM3_L.lib(net_sys.o)
    0x0801339c   0x0801339c   0x00000020   Code   RO         2233    i.net_sys_wakeup    Net_Dbg_CM3_L.lib(net_sys.o)
    0x080133bc   0x080133bc   0x00000084   Code   RO         1829    i.net_tcp_abort     Net_Dbg_CM3_L.lib(net_tcp.o)
    0x08013440   0x08013440   0x000000e4   Code   RO         1832    i.net_tcp_close     Net_Dbg_CM3_L.lib(net_tcp.o)
    0x08013524   0x08013524   0x0000002e   Code   RO         1835    i.net_tcp_get_buf   Net_Dbg_CM3_L.lib(net_tcp.o)
    0x08013552   0x08013552   0x00000002   PAD
    0x08013554   0x08013554   0x00000034   Code   RO         1837    i.net_tcp_get_local_port  Net_Dbg_CM3_L.lib(net_tcp.o)
    0x08013588   0x08013588   0x00000028   Code   RO         1838    i.net_tcp_get_mss   Net_Dbg_CM3_L.lib(net_tcp.o)
    0x080135b0   0x080135b0   0x00000054   Code   RO         1840    i.net_tcp_get_peer  Net_Dbg_CM3_L.lib(net_tcp.o)
    0x08013604   0x08013604   0x00000070   Code   RO         1842    i.net_tcp_get_socket  Net_Dbg_CM3_L.lib(net_tcp.o)
    0x08013674   0x08013674   0x0000002c   Code   RO         1843    i.net_tcp_get_state  Net_Dbg_CM3_L.lib(net_tcp.o)
    0x080136a0   0x080136a0   0x00000034   Code   RO         1844    i.net_tcp_get_timer  Net_Dbg_CM3_L.lib(net_tcp.o)
    0x080136d4   0x080136d4   0x000000b0   Code   RO         1845    i.net_tcp_listen    Net_Dbg_CM3_L.lib(net_tcp.o)
    0x08013784   0x08013784   0x000007a8   Code   RO         1847    i.net_tcp_process   Net_Dbg_CM3_L.lib(net_tcp.o)
    0x08013f2c   0x08013f2c   0x0000015c   Code   RO         1851    i.net_tcp_send      Net_Dbg_CM3_L.lib(net_tcp.o)
    0x08014088   0x08014088   0x0000012c   Code   RO         1853    i.net_tcp_set_option  Net_Dbg_CM3_L.lib(net_tcp.o)
    0x080141b4   0x080141b4   0x00000028   Code   RO         1854    i.net_tcp_socket_init  Net_Dbg_CM3_L.lib(net_tcp.o)
    0x080141dc   0x080141dc   0x000003c0   Code   RO         1855    i.net_tcp_socket_run  Net_Dbg_CM3_L.lib(net_tcp.o)
    0x0801459c   0x0801459c   0x00000028   Code   RO         1764    i.net_udp_enable_lla  Net_Dbg_CM3_L.lib(net_udp.o)
    0x080145c4   0x080145c4   0x0000002e   Code   RO         1766    i.net_udp_get_buf   Net_Dbg_CM3_L.lib(net_udp.o)
    0x080145f2   0x080145f2   0x00000002   PAD
    0x080145f4   0x080145f4   0x00000070   Code   RO         1769    i.net_udp_get_socket  Net_Dbg_CM3_L.lib(net_udp.o)
    0x08014664   0x08014664   0x000000ac   Code   RO         1771    i.net_udp_open      Net_Dbg_CM3_L.lib(net_udp.o)
    0x08014710   0x08014710   0x00000158   Code   RO         1772    i.net_udp_process   Net_Dbg_CM3_L.lib(net_udp.o)
    0x08014868   0x08014868   0x0000022c   Code   RO         1775    i.net_udp_send_if   Net_Dbg_CM3_L.lib(net_udp.o)
    0x08014a94   0x08014a94   0x00000024   Code   RO         1777    i.net_udp_socket_init  Net_Dbg_CM3_L.lib(net_udp.o)
    0x08014ab8   0x08014ab8   0x00000008   Code   RO         2451    i.net_ultoa         Net_Dbg_CM3_L.lib(net_common.o)
    0x08014ac0   0x08014ac0   0x00000030   Code   RO         2454    i.net_ultox         Net_Dbg_CM3_L.lib(net_common.o)
    0x08014af0   0x08014af0   0x0000004c   Code   RO         2455    i.net_xtoul         Net_Dbg_CM3_L.lib(net_common.o)
    0x08014b3c   0x08014b3c   0x0000001c   Code   RO         2200    i.ping_send_req     Net_Dbg_CM3_L.lib(net_ping_core.o)
    0x08014b58   0x08014b58   0x00000104   Code   RO         1993    i.proc_opt_ia_na    Net_Dbg_CM3_L.lib(net_dhcp6_client.o)
    0x08014c5c   0x08014c5c   0x000000f0   Code   RO         1949    i.proc_opt_renew    Net_Dbg_CM3_L.lib(net_dhcp_client.o)
    0x08014d4c   0x08014d4c   0x000001a4   Code   RO         1950    i.proc_opt_req      Net_Dbg_CM3_L.lib(net_dhcp_client.o)
    0x08014ef0   0x08014ef0   0x00000048   Code   RO         1951    i.proc_opt_sel      Net_Dbg_CM3_L.lib(net_dhcp_client.o)
    0x08014f38   0x08014f38   0x00000058   Code   RO         2089    i.proc_req_line     Net_Dbg_CM3_L.lib(net_http_server.o)
    0x08014f90   0x08014f90   0x0000001a   Code   RO         1700    i.que_free_list     Net_Dbg_CM3_L.lib(net_ip4_frag.o)
    0x08014faa   0x08014faa   0x000000a0   Code   RO         2090    i.read_script_line  Net_Dbg_CM3_L.lib(net_http_server.o)
    0x0801504a   0x0801504a   0x00000048   Code   RO         2091    i.search_delim      Net_Dbg_CM3_L.lib(net_http_server.o)
    0x08015092   0x08015092   0x00000070   Code   RO         1994    i.select_server     Net_Dbg_CM3_L.lib(net_dhcp6_client.o)
    0x08015102   0x08015102   0x00000018   Code   RO         2234    i.sys_map_if        Net_Dbg_CM3_L.lib(net_sys.o)
    0x0801511a   0x0801511a   0x00000002   PAD
    0x0801511c   0x0801511c   0x0000004c   Code   RO         2235    i.sys_proc_tick     Net_Dbg_CM3_L.lib(net_sys.o)
    0x08015168   0x08015168   0x00000110   Code   RO         1857    i.tcp_map_socket    Net_Dbg_CM3_L.lib(net_tcp.o)
    0x08015278   0x08015278   0x00000084   Code   RO         1858    i.tcp_parse_opt     Net_Dbg_CM3_L.lib(net_tcp.o)
    0x080152fc   0x080152fc   0x0000011c   Code   RO         1859    i.tcp_proc_acknr    Net_Dbg_CM3_L.lib(net_tcp.o)
    0x08015418   0x08015418   0x000000ac   Code   RO         1860    i.tcp_proc_dupack   Net_Dbg_CM3_L.lib(net_tcp.o)
    0x080154c4   0x080154c4   0x0000001a   Code   RO         1861    i.tcp_que_free      Net_Dbg_CM3_L.lib(net_tcp.o)
    0x080154de   0x080154de   0x0000001a   Code   RO         1862    i.tcp_que_init      Net_Dbg_CM3_L.lib(net_tcp.o)
    0x080154f8   0x080154f8   0x000000ac   Code   RO         1863    i.tcp_que_resend    Net_Dbg_CM3_L.lib(net_tcp.o)
    0x080155a4   0x080155a4   0x00000090   Code   RO         1864    i.tcp_send_ctrl     Net_Dbg_CM3_L.lib(net_tcp.o)
    0x08015634   0x08015634   0x0000007c   Code   RO         1865    i.tcp_send_data     Net_Dbg_CM3_L.lib(net_tcp.o)
    0x080156b0   0x080156b0   0x00000090   Code   RO         1866    i.tcp_send_reset    Net_Dbg_CM3_L.lib(net_tcp.o)
    0x08015740   0x08015740   0x00000044   Code   RO         1867    i.tcp_set_cwnd      Net_Dbg_CM3_L.lib(net_tcp.o)
    0x08015784   0x08015784   0x00000074   Code   RO         1868    i.tcp_transit       Net_Dbg_CM3_L.lib(net_tcp.o)
    0x080157f8   0x080157f8   0x0000010c   Code   RO         1869    i.tcp_write         Net_Dbg_CM3_L.lib(net_tcp.o)
    0x08015904   0x08015904   0x0000002c   Code   RO         1779    i.udp_port_in_use   Net_Dbg_CM3_L.lib(net_udp.o)
    0x08015930   0x08015930   0x00000044   Code   RO         2456    i.ul2str            Net_Dbg_CM3_L.lib(net_common.o)
    0x08015974   0x08015974   0x00000124   Code   RO         2092    i.utc_to_http       Net_Dbg_CM3_L.lib(net_http_server.o)
    0x08015a98   0x08015a98   0x00000024   Data   RO          138    .constdata          http_server.o
    0x08015abc   0x08015abc   0x00000004   Data   RO          222    .constdata          web.o
    0x08015ac0   0x08015ac0   0x00006561   Data   RO          223    .constdata          web.o
    0x0801c021   0x0801c021   0x00000003   PAD
    0x0801c024   0x0801c024   0x000000a0   Data   RO          224    .constdata          web.o
    0x0801c0c4   0x0801c0c4   0x00001500   Data   RO          290    .constdata          glcd_fonts.o
    0x0801d5c4   0x0801d5c4   0x00000010   Data   RO          292    .constdata          glcd_fonts.o
    0x0801d5d4   0x0801d5d4   0x00000040   Data   RO          332    .constdata          led_mcbstm32f400.o
    0x0801d614   0x0801d614   0x00000024   Data   RO          546    .constdata          rtx_lib.o
    0x0801d638   0x0801d638   0x00000024   Data   RO          547    .constdata          rtx_lib.o
    0x0801d65c   0x0801d65c   0x00000018   Data   RO          548    .constdata          rtx_lib.o
    0x0801d674   0x0801d674   0x00000004   Data   RO          550    .constdata          rtx_lib.o
    0x0801d678   0x0801d678   0x00000004   Data   RO          891    .constdata          phy_ksz8081rna.o
    0x0801d67c   0x0801d67c   0x00000020   Data   RO          892    .constdata          phy_ksz8081rna.o
    0x0801d69c   0x0801d69c   0x00000050   Data   RO          922    .constdata          emac_stm32f4xx.o
    0x0801d6ec   0x0801d6ec   0x00000044   Data   RO          923    .constdata          emac_stm32f4xx.o
    0x0801d730   0x0801d730   0x00000018   Data   RO          965    .constdata          eventrecorder.o
    0x0801d748   0x0801d748   0x00000008   Data   RO         1104    .constdata          stm32f4xx_hal_dma.o
    0x0801d750   0x0801d750   0x00000010   Data   RO         1328    .constdata          system_stm32f4xx.o
    0x0801d760   0x0801d760   0x00000008   Data   RO         1329    .constdata          system_stm32f4xx.o
    0x0801d768   0x0801d768   0x000000a8   Data   RO         1374    .constdata          net_config.o
    0x0801d810   0x0801d810   0x0000001c   Data   RO         1375    .constdata          net_config.o
    0x0801d82c   0x0801d82c   0x00000014   Data   RO         1376    .constdata          net_config.o
    0x0801d840   0x0801d840   0x0000000c   Data   RO         1377    .constdata          net_config.o
    0x0801d84c   0x0801d84c   0x00000010   Data   RO         1378    .constdata          net_config.o
    0x0801d85c   0x0801d85c   0x00000028   Data   RO         1379    .constdata          net_config.o
    0x0801d884   0x0801d884   0x00000010   Data   RO         1380    .constdata          net_config.o
    0x0801d894   0x0801d894   0x0000000c   Data   RO         1381    .constdata          net_config.o
    0x0801d8a0   0x0801d8a0   0x00000014   Data   RO         1382    .constdata          net_config.o
    0x0801d8b4   0x0801d8b4   0x00000020   Data   RO         1383    .constdata          net_config.o
    0x0801d8d4   0x0801d8d4   0x0000002c   Data   RO         1384    .constdata          net_config.o
    0x0801d900   0x0801d900   0x00000008   Data   RO         1385    .constdata          net_config.o
    0x0801d908   0x0801d908   0x00000008   Data   RO         1386    .constdata          net_config.o
    0x0801d910   0x0801d910   0x00000008   Data   RO         1387    .constdata          net_config.o
    0x0801d918   0x0801d918   0x00000008   Data   RO         1388    .constdata          net_config.o
    0x0801d920   0x0801d920   0x00000008   Data   RO         1389    .constdata          net_config.o
    0x0801d928   0x0801d928   0x00000008   Data   RO         1390    .constdata          net_config.o
    0x0801d930   0x0801d930   0x00000008   Data   RO         1391    .constdata          net_config.o
    0x0801d938   0x0801d938   0x00000008   Data   RO         1392    .constdata          net_config.o
    0x0801d940   0x0801d940   0x00000008   Data   RO         1393    .constdata          net_config.o
    0x0801d948   0x0801d948   0x00000008   Data   RO         1394    .constdata          net_config.o
    0x0801d950   0x0801d950   0x00000008   Data   RO         1395    .constdata          net_config.o
    0x0801d958   0x0801d958   0x00000008   Data   RO         1396    .constdata          net_config.o
    0x0801d960   0x0801d960   0x0000000c   Data   RO         1397    .constdata          net_config.o
    0x0801d96c   0x0801d96c   0x00000018   Data   RO         1398    .constdata          net_config.o
    0x0801d984   0x0801d984   0x00000034   Data   RO         1399    .constdata          net_config.o
    0x0801d9b8   0x0801d9b8   0x00000034   Data   RO         1400    .constdata          net_config.o
    0x0801d9ec   0x0801d9ec   0x0000002c   Data   RO         1401    .constdata          net_config.o
    0x0801da18   0x0801da18   0x00000010   Data   RO         1403    .constdata          net_config.o
    0x0801da28   0x0801da28   0x00000010   Data   RO         1404    .constdata          net_config.o
    0x0801da38   0x0801da38   0x0000002c   Data   RO         1681    .constdata          Net_Dbg_CM3_L.lib(net_loopback.o)
    0x0801da64   0x0801da64   0x0000000c   Data   RO         1682    .constdata          Net_Dbg_CM3_L.lib(net_loopback.o)
    0x0801da70   0x0801da70   0x00000010   Data   RO         1999    .constdata          Net_Dbg_CM3_L.lib(net_dhcp6_client.o)
    0x0801da80   0x0801da80   0x00000008   Data   RO         2025    .constdata          Net_Dbg_CM3_L.lib(net_nbns_client.o)
    0x0801da88   0x0801da88   0x000000fa   Data   RO         2094    .constdata          Net_Dbg_CM3_L.lib(net_http_server.o)
    0x0801db82   0x0801db82   0x00000002   PAD
    0x0801db84   0x0801db84   0x00000018   Data   RO         2173    .constdata          Net_Dbg_CM3_L.lib(net_http_server_auth.o)
    0x0801db9c   0x0801db9c   0x00000012   Data   RO         2202    .constdata          Net_Dbg_CM3_L.lib(net_ping_core.o)
    0x0801dbae   0x0801dbae   0x00000010   Data   RO         2295    .constdata          Net_Dbg_CM3_L.lib(net_addr.o)
    0x0801dbbe   0x0801dbbe   0x00000006   Data   RO         2296    .constdata          Net_Dbg_CM3_L.lib(net_addr.o)
    0x0801dbc4   0x0801dbc4   0x00000004   Data   RO         2348    .constdata          Net_Dbg_CM3_L.lib(net_ip4.o)
    0x0801dbc8   0x0801dbc8   0x00000020   Data   RO         2383    .constdata          Net_Dbg_CM3_L.lib(net_ip6.o)
    0x0801dbe8   0x0801dbe8   0x00000010   Data   RO         2384    .constdata          Net_Dbg_CM3_L.lib(net_ip6.o)
    0x0801dbf8   0x0801dbf8   0x00000018   Data   RO         2403    .constdata          Net_Dbg_CM3_L.lib(net_http_server_err.o)
    0x0801dc10   0x0801dc10   0x00000010   Data   RO         2457    .constdata          Net_Dbg_CM3_L.lib(net_common.o)
    0x0801dc20   0x0801dc20   0x00000090   Data   RO         2504    .constdata          Net_Dbg_CM3_L.lib(net_base64.o)
    0x0801dcb0   0x0801dcb0   0x00000004   Data   RO         2513    .constdata          Net_Dbg_CM3_L.lib(net_version.o)
    0x0801dcb4   0x0801dcb4   0x000000da   Data   RO          200    .conststring        http_server_cgi.o
    0x0801dd8e   0x0801dd8e   0x00000002   PAD
    0x0801dd90   0x0801dd90   0x00000078   Data   RO         1405    .conststring        net_config.o
    0x0801de08   0x0801de08   0x0000000d   Data   RO         1406    .conststring        net_config.o
    0x0801de15   0x0801de15   0x00000003   PAD
    0x0801de18   0x0801de18   0x00000001   Data   RO         1407    .conststring        net_config.o
    0x0801de19   0x0801de19   0x00000003   PAD
    0x0801de1c   0x0801de1c   0x00000040   Data   RO         1408    .conststring        net_config.o
    0x0801de5c   0x0801de5c   0x0000003d   Data   RO         1409    .conststring        net_config.o
    0x0801de99   0x0801de99   0x00000003   PAD
    0x0801de9c   0x0801de9c   0x0000001c   Data   RO         1410    .conststring        net_config.o
    0x0801deb8   0x0801deb8   0x00000203   Data   RO         2404    .conststring        Net_Dbg_CM3_L.lib(net_http_server_err.o)
    0x0801e0bb   0x0801e0bb   0x00000001   PAD
    0x0801e0bc   0x0801e0bc   0x0000000b   Data   RO          490    .conststrlit        rtx_kernel.o
    0x0801e0c7   0x0801e0c7   0x00000001   PAD
    0x0801e0c8   0x0801e0c8   0x000000a8   Data   RO          551    .rodata             rtx_lib.o
    0x0801e170   0x0801e170   0x00000020   Data   RO         2848    Region$$Table       anon$$obj.o


    Execution Region RW_IRAM2 (Exec base: 0x10000000, Load base: 0x0801e2c8, Size: 0x000004a4, Max: 0x00010000, ABSOLUTE, UNINIT)

    Exec Addr    Load Addr    Size         Type   Attr      Idx    E Section Name        Object

    0x10000000        -       0x000004a4   Zero   RW          964    .bss.noinit         eventrecorder.o


    Execution Region RW_IRAM1 (Exec base: 0x20000000, Load base: 0x0801e190, Size: 0x0000f548, Max: 0x00020000, ABSOLUTE, COMPRESSED[0x00000138])

    Exec Addr    Load Addr    Size         Type   Attr      Idx    E Section Name        Object

    0x20000000   COMPRESSED   0x00008000   Data   RW          538    .bss.os             rtx_lib.o
    0x20008000   COMPRESSED   0x00000040   Data   RW          539    .bss.os             rtx_lib.o
    0x20008040   COMPRESSED   0x00000001   Data   RW          843    .bss.os             os_systick.o
    0x20008041   COMPRESSED   0x00000003   PAD
    0x20008044   COMPRESSED   0x00000034   Data   RW          540    .bss.os.msgqueue.cb  rtx_lib.o
    0x20008078   COMPRESSED   0x00000050   Data   RW          541    .bss.os.msgqueue.mem  rtx_lib.o
    0x200080c8   COMPRESSED   0x0000001c   Data   RW         1368    .bss.os.mutex.cb    net_config.o
    0x200080e4   COMPRESSED   0x0000001c   Data   RW         1369    .bss.os.mutex.cb    net_config.o
    0x20008100   COMPRESSED   0x00000010   Data   RW         1370    .bss.os.semaphore.cb  net_config.o
    0x20008110   COMPRESSED   0x00000044   Data   RW          542    .bss.os.thread.cb   rtx_lib.o
    0x20008154   COMPRESSED   0x00000044   Data   RW          543    .bss.os.thread.cb   rtx_lib.o
    0x20008198   COMPRESSED   0x00000044   Data   RW         1371    .bss.os.thread.cb   net_config.o
    0x200081dc   COMPRESSED   0x00000044   Data   RW         1372    .bss.os.thread.cb   net_config.o
    0x20008220   COMPRESSED   0x00000200   Data   RW          544    .bss.os.thread.idle.stack  rtx_lib.o
    0x20008420   COMPRESSED   0x00000200   Data   RW          545    .bss.os.thread.timer.stack  rtx_lib.o
    0x20008620   COMPRESSED   0x00000020   Data   RW         1373    .bss.os.timer.cb    net_config.o
    0x20008640   COMPRESSED   0x00000004   Data   RW            5    .data               main.o
    0x20008644   COMPRESSED   0x00000036   Data   RW          139    .data               http_server.o
    0x2000867a   COMPRESSED   0x00000002   PAD
    0x2000867c   COMPRESSED   0x00000008   Data   RW          201    .data               http_server_cgi.o
    0x20008684   COMPRESSED   0x00000001   Data   RW          243    .data               adc_mcbstm32f400.o
    0x20008685   COMPRESSED   0x00000003   PAD
    0x20008688   COMPRESSED   0x0000000c   Data   RW          306    .data               glcd_mcbstm32f400.o
    0x20008694   COMPRESSED   0x0000000c   Data   RW          998    .data               stm32f4xx_hal.o
    0x200086a0   COMPRESSED   0x00000004   Data   RW         1330    .data               system_stm32f4xx.o
    0x200086a4   COMPRESSED   0x00000004   Data   RW         1411    .data               net_config.o
    0x200086a8   COMPRESSED   0x00000006   Data   RW         1412    .data               net_config.o
    0x200086ae   COMPRESSED   0x00000004   Data   RW         1413    .data               net_config.o
    0x200086b2   COMPRESSED   0x00000002   PAD
    0x200086b4   COMPRESSED   0x00000004   Data   RW         1683    .data               Net_Dbg_CM3_L.lib(net_loopback.o)
    0x200086b8   COMPRESSED   0x00000004   Data   RW         1701    .data               Net_Dbg_CM3_L.lib(net_ip4_frag.o)
    0x200086bc   COMPRESSED   0x00000001   Data   RW         1719    .data               Net_Dbg_CM3_L.lib(net_icmp.o)
    0x200086bd   COMPRESSED   0x00000001   Data   RW         1740    .data               Net_Dbg_CM3_L.lib(net_icmp6.o)
    0x200086be   COMPRESSED   0x00000002   Data   RW         1781    .data               Net_Dbg_CM3_L.lib(net_udp.o)
    0x200086c0   COMPRESSED   0x00000004   Data   RW         1872    .data               Net_Dbg_CM3_L.lib(net_tcp.o)
    0x200086c4   COMPRESSED   0x00000002   Data   RW         1957    .data               Net_Dbg_CM3_L.lib(net_dhcp_client.o)
    0x200086c6   COMPRESSED   0x00000002   Data   RW         2000    .data               Net_Dbg_CM3_L.lib(net_dhcp6_client.o)
    0x200086c8   COMPRESSED   0x00000001   Data   RW         2026    .data               Net_Dbg_CM3_L.lib(net_nbns_client.o)
    0x200086c9   COMPRESSED   0x00000003   PAD
    0x200086cc   COMPRESSED   0x0000000c   Data   RW         2095    .data               Net_Dbg_CM3_L.lib(net_http_server.o)
    0x200086d8   COMPRESSED   0x00000008   Data   RW         2349    .data               Net_Dbg_CM3_L.lib(net_ip4.o)
    0x200086e0   COMPRESSED   0x00000004   Data   RW         2385    .data               Net_Dbg_CM3_L.lib(net_ip6.o)
    0x200086e4   COMPRESSED   0x000000a4   Data   RW          491    .data.os            rtx_kernel.o
    0x20008788        -       0x00000050   Zero   RW          136    .bss                http_server.o
    0x200087d8        -       0x00000400   Zero   RW          137    .bss                http_server.o
    0x20008bd8        -       0x00000038   Zero   RW          199    .bss                http_server_cgi.o
    0x20008c10        -       0x00000048   Zero   RW          242    .bss                adc_mcbstm32f400.o
    0x20008c58        -       0x00000050   Zero   RW          305    .bss                glcd_mcbstm32f400.o
    0x20008ca8        -       0x0000000c   Zero   RW          890    .bss                phy_ksz8081rna.o
    0x20008cb4        -       0x000024cc   Zero   RW          921    .bss                emac_stm32f4xx.o
    0x2000b180        -       0x00000400   Zero   RW         1357    .bss                net_config.o
    0x2000b580        -       0x00000400   Zero   RW         1358    .bss                net_config.o
    0x2000b980        -       0x00002ee0   Zero   RW         1359    .bss                net_config.o
    0x2000e860        -       0x000000c8   Zero   RW         1360    .bss                net_config.o
    0x2000e928        -       0x00000018   Zero   RW         1361    .bss                net_config.o
    0x2000e940        -       0x000000a0   Zero   RW         1362    .bss                net_config.o
    0x2000e9e0        -       0x00000064   Zero   RW         1363    .bss                net_config.o
    0x2000ea44        -       0x00000028   Zero   RW         1364    .bss                net_config.o
    0x2000ea6c        -       0x00000050   Zero   RW         1365    .bss                net_config.o
    0x2000eabc        -       0x00000228   Zero   RW         1366    .bss                net_config.o
    0x2000ece4        -       0x00000150   Zero   RW         1367    .bss                net_config.o
    0x2000ee34        -       0x000000a0   Zero   RW         1508    .bss                Net_Dbg_CM3_L.lib(net_eth.o)
    0x2000eed4        -       0x00000018   Zero   RW         1568    .bss                Net_Dbg_CM3_L.lib(net_arp.o)
    0x2000eeec        -       0x00000044   Zero   RW         1637    .bss                Net_Dbg_CM3_L.lib(net_ndp.o)
    0x2000ef30        -       0x0000001c   Zero   RW         1780    .bss                Net_Dbg_CM3_L.lib(net_udp.o)
    0x2000ef4c        -       0x00000028   Zero   RW         1953    .bss                Net_Dbg_CM3_L.lib(net_dhcp_client.o)
    0x2000ef74        -       0x00000044   Zero   RW         1995    .bss                Net_Dbg_CM3_L.lib(net_dhcp6_client.o)
    0x2000efb8        -       0x00000098   Zero   RW         2093    .bss                Net_Dbg_CM3_L.lib(net_http_server.o)
    0x2000f050        -       0x0000002c   Zero   RW         2201    .bss                Net_Dbg_CM3_L.lib(net_ping_core.o)
    0x2000f07c        -       0x00000038   Zero   RW         2236    .bss                Net_Dbg_CM3_L.lib(net_sys.o)
    0x2000f0b4        -       0x00000024   Zero   RW         2237    .bss                Net_Dbg_CM3_L.lib(net_sys.o)
    0x2000f0d8        -       0x0000005c   Zero   RW         2294    .bss                Net_Dbg_CM3_L.lib(net_addr.o)
    0x2000f134        -       0x00000014   Zero   RW         2419    .bss                Net_Dbg_CM3_L.lib(net_mem.o)
    0x2000f148        -       0x00000400   Zero   RW         1317    STACK               startup_stm32f407xx.o


==============================================================================

Image component sizes


      Code (inc. data)   RO Data    RW Data    ZI Data      Debug   Object Name

       276         20          0          1         72       2672   adc_mcbstm32f400.o
       228         22          0          0          0       2248   buttons_mcbstm32f400.o
      2476        148        148          0       9420      47302   emac_stm32f4xx.o
      1452         40         24          0       1188      17504   eventrecorder.o
         0          0       5392          0          0        772   glcd_fonts.o
      2584         68          0         12         80       9654   glcd_mcbstm32f400.o
       560        144         36         54       1104      12092   http_server.o
      1844        346        218          8         56       7845   http_server_cgi.o
       148          8          0          0          0        684   irq_armv7m.o
       292         20         64          0          0       2741   led_mcbstm32f400.o
       276         30          0          4          0     692583   main.o
       356         24       1007        254      15540      32389   net_config.o
       338          0          0          0          0        962   net_debug.o
       196         12          0          1          0       1980   os_systick.o
       448         10         36          0         12      10082   phy_ksz8081rna.o
         4          0          0          0          0        679   rtx_config.o
       260         14          0          0          0      17734   rtx_delay.o
      2392         88          0          0          0      45149   rtx_evr.o
      1740         96         11        164          0      27820   rtx_kernel.o
        24          0        268      34124          0       9715   rtx_lib.o
       292          0          0          0          0       3807   rtx_memory.o
      1984         48          0          0          0      15140   rtx_mempool.o
      2820         58          0          0          0      23660   rtx_msgqueue.o
      1368         30          0          0          0      10042   rtx_mutex.o
      1432         34          0          0          0      11868   rtx_semaphore.o
       668         18          0          0          0       8429   rtx_system.o
      4908        126          0          0          0      33793   rtx_thread.o
      1152         34          0          0          0      10145   rtx_timer.o
        36          8        392          0       1024        916   startup_stm32f407xx.o
       436         34          0         12          0      11044   stm32f4xx_hal.o
      2720         86          0          0          0       8999   stm32f4xx_hal_adc.o
      1828         44          0          0          0       6670   stm32f4xx_hal_adc_ex.o
       664         10          0          0          0      36306   stm32f4xx_hal_cortex.o
      1816         28          8          0          0       7821   stm32f4xx_hal_dma.o
       816         46          0          0          0       4155   stm32f4xx_hal_gpio.o
      1892         70          0          0          0       6375   stm32f4xx_hal_rcc.o
       704          8          0          0          0       6740   stm32f4xx_hal_sram.o
       816         16          0          0          0       6764   stm32f4xx_ll_fsmc.o
       220         34         24          4          0       1909   system_stm32f4xx.o
       120         10      26117          0          0       1884   web.o

    ----------------------------------------------------------------------
     42586       1832      33792      34648      28496    1159074   Object Totals
         0          0         32          0          0          0   (incl. Generated)
         0          0         15         10          0          0   (incl. Padding)

    ----------------------------------------------------------------------

      Code (inc. data)   RO Data    RW Data    ZI Data      Debug   Library Member Name

      1414         18         22          0         92       1556   net_addr.o
      2892        144          0          0         24       1616   net_arp.o
       120          6        144          0          0         84   net_base64.o
       622         10         16          0          0       1340   net_common.o
      3454        144         16          2         68        944   net_dhcp6_client.o
      3766        164          0          2         40        888   net_dhcp_client.o
      3664        138          0          0        160       1600   net_eth.o
      6834       1268        250         12        152       2852   net_http_server.o
       266         66         24          0          0        368   net_http_server_auth.o
         0          0        539          0          0          0   net_http_server_err.o
       640         48          0          1          0        236   net_icmp.o
       812         60          0          1          0        332   net_icmp6.o
      1188         82          4          8          0        956   net_ip4.o
       690         30          0          4          0        476   net_ip4_frag.o
       848         72         48          4          0        644   net_ip6.o
       348         28         56          4          0        256   net_loopback.o
       592         64          0          0         20        564   net_mem.o
       520         44          8          1          0        188   net_nbns_client.o
      4150        176          0          0         68       1848   net_ndp.o
       188         32         18          0         44        220   net_ping_core.o
       834         84          0          0         92       1012   net_sys.o
      6566        282          0          4          0       2728   net_tcp.o
      1350         76          0          2         28        688   net_udp.o
         0          0          4          0          0          0   net_version.o
        86          0          0          0          0          0   __dczerorl2.o
         0          0          0          0          0          0   entry.o
         0          0          0          0          0          0   entry10a.o
         0          0          0          0          0          0   entry11a.o
         4          0          0          0          0          0   entry12b.o
         8          4          0          0          0          0   entry2.o
         4          0          0          0          0          0   entry5.o
         0          0          0          0          0          0   entry7b.o
         0          0          0          0          0          0   entry8b.o
         8          4          0          0          0          0   entry9a.o
        30          0          0          0          0          0   handlers.o
        36          8          0          0          0         68   init.o
         0          0          0          0          0          0   iusefp.o
        30          0          0          0          0         68   llshl.o
        36          0          0          0          0         68   llsshr.o
        32          0          0          0          0         68   llushr.o
        26          0          0          0          0         80   memcmp.o
        36          0          0          0          0         68   memcpya.o
        36          0          0          0          0        108   memseta.o
      2236         86          0          0          0        532   printfa.o
        28          0          0          0          0         76   strcmp.o
        18          0          0          0          0         68   strcpy.o
        14          0          0          0          0         68   strlen.o
        30          0          0          0          0         80   strncmp.o
        44          0          0          0          0         80   uidiv.o
        98          0          0          0          0         92   uldiv.o
        48          0          0          0          0         68   cdrcmple.o
       334          0          0          0          0        148   dadd.o
       222          0          0          0          0        100   ddiv.o
       186          0          0          0          0        176   depilogue.o
        48          0          0          0          0         68   dfixul.o
       228          0          0          0          0         96   dmul.o
        38          0          0          0          0         68   f2d.o

    ----------------------------------------------------------------------
     45750       3138       1152         48        788      23644   Library Totals
        48          0          3          3          0          0   (incl. Padding)

    ----------------------------------------------------------------------

      Code (inc. data)   RO Data    RW Data    ZI Data      Debug   Library Name

     41758       3036       1149         45        788      21396   Net_Dbg_CM3_L.lib
      2840        102          0          0          0       1524   mc_w.l
      1104          0          0          0          0        724   mf_w.l

    ----------------------------------------------------------------------
     45750       3138       1152         48        788      23644   Library Totals

    ----------------------------------------------------------------------

==============================================================================


      Code (inc. data)   RO Data    RW Data    ZI Data      Debug   

     88336       4970      34944      34696      29284    1160938   Grand Totals
     88336       4970      34944        312      29284    1160938   ELF Image Totals (compressed)
     88336       4970      34944        312          0          0   ROM Totals

==============================================================================

    Total RO  Size (Code + RO Data)               123280 ( 120.39kB)
    Total RW  Size (RW Data + ZI Data)             63980 (  62.48kB)
    Total ROM Size (Code + RO Data + RW Data)     123592 ( 120.70kB)

==============================================================================

